08-19 01:36:45.670  1541  1541 I ClassHook: android.view.WindowManagerLayoutParamsHook attachMethod writeToParcel(Landroid/os/Parcel;I)V
08-19 01:36:45.670  1541  1541 I ClassHook: android.view.WindowManagerLayoutParamsHook attachConstructor (Landroid/os/Parcel;)V
08-19 01:36:45.671  1541  1541 I ClassHook: android.webkit.WebViewFactoryHook attachMethod getProvider()Landroid/webkit/WebViewFactoryProvider;
08-19 01:36:45.679  1541  1541 I ClassHook: android.webkit.WebViewHook attachConstructor (Landroid/content/Context;Landroid/util/AttributeSet;IILjava/util/Map;Z)V
08-19 01:36:45.680  1541  1541 I ClassHook: android.widget.ToastHook attachMethod setType(I)V
08-19 01:36:45.691  1541  1541 I ClassHook: android.widget.ToastHook attachMethod show()V
08-19 01:36:45.692  1541  1541 I ClassHook: com.android.internal.os.RuntimeInitHook attachMethod commonInit()V
08-19 01:36:45.693  1541  1541 I ClassHook: com.android.internal.os.ZygoteInitHook attachMethod registerZygoteSocket(Ljava/lang/String;)V
08-19 01:36:45.694  1541  1541 I ClassHook: com.android.internal.policy.PhoneWindowHook attachMethod onKeyDown(IILandroid/view/KeyEvent;)Z
08-19 01:36:45.716  1541  1541 I ClassHook: com.android.internal.policy.PhoneWindowHook attachMethod onKeyUp(IILandroid/view/KeyEvent;)Z
08-19 01:36:45.717  1541  1541 I ClassHook: com.android.internal.telephony.ITelephonyRegistryStubHook attachMethod onTransact(ILandroid/os/Parcel;Landroid/os/Parcel;I)Z
08-19 01:36:45.732  1541  1541 I ClassHook: com.android.internal.telephony.ITelephonyRegistryStubProxyHook attachMethod getMiuiTelephony()Lmiui/telephony/IMiuiTelephony;
08-19 01:36:45.735  1541  1541 I ClassHook: com.android.internal.telephony.ITelephonyRegistryStubProxyHook attachMethod setMiuiTelephony(Lmiui/telephony/IMiuiTelephony;)V
08-19 01:36:45.751  1541  1541 I ClassHook: com.android.internal.telephony.PhoneBaseHook attachMethod getSystemProperty(Ljava/lang/String;Ljava/lang/String;)Ljava/lang/String;
08-19 01:36:45.762  1541  1541 I ClassHook: com.android.internal.telephony.PhoneBaseHook attachMethod setSystemProperty(Ljava/lang/String;Ljava/lang/String;)V
08-19 01:36:45.763  1541  1541 I ClassHook: com.android.internal.telephony.PhoneFactoryHook attachMethod makeDefaultPhone(Landroid/content/Context;)V
08-19 01:36:45.765  1541  1541 I ClassHook: com.android.internal.telephony.SubscriptionManagerHook attachMethod putPhoneIdAndSubIdExtra(Landroid/content/Intent;II)V
08-19 01:36:45.766  1541  1541 I ClassHook: com.android.internal.telephony.cat.CommandParamsFactoryHook attachMethod sendCmdParams(Lcom/android/internal/telephony/cat/ResultCode;)V
08-19 01:36:45.779  1541  1541 I ClassHook: com.android.internal.telephony.cdma.CdmaLteServiceStateTrackerHook attachMethod handleMessage(Landroid/os/Message;)V
08-19 01:36:45.821  1541  1541 I LIBSEC  : apply sec hook legacy
08-19 01:36:45.827  1541  1541 D Zygote  : begin preload
08-19 01:36:45.827  1541  1541 I Zygote  : Preloading classes...
08-19 01:36:45.838  1541  1541 I art     : Rejecting re-init on previously-failed class java.lang.Class<android.app.ResourcesManager>
08-19 01:36:45.838  1541  1541 I art     : Rejecting re-init on previously-failed class java.lang.Class<android.app.ResourcesManager>
08-19 01:36:45.844  1541  1541 W Zygote  : Class not found for preloading: android.app.ResourcesManager
08-19 01:36:45.977  1479  1479 D hawaii.hwcomposer: FBDevice::post called 4 times [4 0 0 0 0 0 0 0]
08-19 01:36:46.008  1479  1686 D hawaii.hwcomposer: FBDevice::vsync called 65 times
08-19 01:36:46.185  1479  1479 D hawaii.hwcomposer: FBDevice::post called 1 times [1 0 0 0 0 0 0 0]
08-19 01:36:46.253  1519  1519 V NatController: runCmd(/system/bin/iptables -w -F natctrl_FORWARD) res=0
08-19 01:36:46.274  1519  1519 V NatController: runCmd(/system/bin/iptables -w -A natctrl_FORWARD -j DROP) res=0
08-19 01:36:46.293  1519  1519 V NatController: runCmd(/system/bin/iptables -w -t nat -F natctrl_nat_POSTROUTING) res=0
08-19 01:36:46.313  1519  1519 V NatController: runCmd(/system/bin/iptables -w -F natctrl_tether_counters) res=1
08-19 01:36:46.335  1519  1519 V NatController: runCmd(/system/bin/iptables -w -X natctrl_tether_counters) res=1
08-19 01:36:46.353  1519  1519 V NatController: runCmd(/system/bin/iptables -w -N natctrl_tether_counters) res=0
08-19 01:36:46.372  1519  1519 V NatController: runCmd(/system/bin/iptables -w -t mangle -A natctrl_mangle_FORWARD -p tcp --tcp-flags SYN SYN -j TCPMSS --clamp-mss-to-pmtu) res=0
08-19 01:36:46.548  1525  1525 I ServiceManager: Waiting for service media.camera.proxy...
08-19 01:36:46.623  1541  1541 E Minikin : addFont failed to create font /system/fonts/NanumGothic.ttf
08-19 01:36:46.623  1541  1541 E Minikin : addFont failed to create font /system/fonts/DroidSansFallback.ttf
08-19 01:36:46.623  1541  1541 E Minikin : addFont failed to create font /system/fonts/MTLmr3m.ttf
08-19 01:36:46.772  1541  1541 V DngCreator_JNI: DngCreator_nativeClassInit:
08-19 01:36:47.012  1479  1686 D hawaii.hwcomposer: FBDevice::vsync called 66 times
08-19 01:36:47.281  1541  1541 W Zygote  : Class not found for preloading: android.widget.Editor$CursorAnchorInfoNotifier
08-19 01:36:47.363  1541  1541 W System  : ClassLoader referenced unknown path: /system/framework/tcmclient.jar
--------- beginning of crash
08-19 01:36:47.375  1541  1541 F libc    : Fatal signal 11 (SIGSEGV), code 1, fault addr 0x14 in tid 1541 (main)
08-19 01:36:47.376  1521  1521 E DEBUG   : debuggerd: attached task 1541 does not match request: expected pid=1541,uid=0,gid=9999, actual pid=1541,uid=0,gid=0
08-19 01:36:47.399  2469  2469 I DEBUG   : debuggerd: starting
08-19 01:36:47.548  1525  1525 I ServiceManager: Waiting for service media.camera.proxy...
08-19 01:36:47.704  1519  1519 E Netd    : cannot find interface dummy0
08-19 01:36:47.706  1519  1519 D MDnsDS  : MDnsSdListener::Hander starting up
08-19 01:36:47.706  1519  2523 D MDnsDS  : MDnsSdListener starting to monitor
08-19 01:36:47.706  1519  2523 D MDnsDS  : Going to poll with pollCount 1
08-19 01:36:47.982  1479  1479 D hawaii.hwcomposer: FBDevice::post called 4 times [4 0 0 0 0 0 0 0]
08-19 01:36:48.006  1479  1686 D hawaii.hwcomposer: FBDevice::vsync called 66 times
08-19 01:36:48.178  1479  1479 D hawaii.hwcomposer: FBDevice::post called 1 times [1 0 0 0 0 0 0 0]
08-19 01:36:48.549  1525  1525 I AudioPolicyService: AudioPolicyService CSTOR in new mode
08-19 01:36:48.551  1525  1525 I APM::ConfigParsingUtils: loadAudioPolicyConfig() loaded /system/etc/audio_policy.conf
08-19 01:36:48.576  1525  1525 W linker  : /system/lib/lib_Samsung_Resampler.so has text relocations. This is wasting memory and prevents security hardening. Please fix.
08-19 01:36:48.577  1525  1525 D ALSAControl: Opening Control
08-19 01:36:48.585  1525  1525 D ALSAControl: Opening Control passed mHandle = 0x41459910
08-19 01:36:48.586  1525  1525 D ALSAControl: [Hardware.configuration.SSPI.1.index]=1
08-19 01:36:48.586  1525  1525 D ALSAControl: [Hardware.configuration.SSPI.2.index]=0
08-19 01:36:48.586  1525  1525 D ALSAControl: [Hardware.configuration.SSPI.3.index]=0
08-19 01:36:48.586  1525  1525 D ALSAControl: setting up MIC sections
08-19 01:36:48.586  1525  1525 D ALSAControl: MIC section 1: mic number 0=1
08-19 01:36:48.586  1525  1525 D ALSAControl: MIC section 1: mic number 1=4
08-19 01:36:48.586  1525  1525 D ALSAControl: micVal=1, 4, 0, 0, 0, 0
08-19 01:36:48.586  1525  1525 D ALSAControl: MIC section 2: mic number 0=2
08-19 01:36:48.586  1525  1525 D ALSAControl: MIC section 2: mic number 1=4
08-19 01:36:48.586  1525  1525 D ALSAControl: micVal=2, 4, 0, 0, 0, 0
08-19 01:36:48.586  1525  1525 D ALSAControl: MIC section 3: mic number 0=1
08-19 01:36:48.587  1525  1525 D ALSAControl: MIC section 3: mic number 1=4
08-19 01:36:48.587  1525  1525 D ALSAControl: micVal=1, 4, 0, 0, 0, 0
08-19 01:36:48.587  1525  1525 D ALSAControl: MIC section 4: mic number 0=9
08-19 01:36:48.587  1525  1525 D ALSAControl: MIC section 4: mic number 1=4
08-19 01:36:48.587  1525  1525 D ALSAControl: micVal=9, 4, 0, 0, 0, 0
08-19 01:36:48.587  1525  1525 D ALSAControl: MIC section 5: mic number 0=1
08-19 01:36:48.587  1525  1525 D ALSAControl: MIC section 5: mic number 1=4
08-19 01:36:48.587  1525  1525 D ALSAControl: micVal=1, 4, 0, 0, 0, 0
08-19 01:36:48.587  1525  1525 E AudioHardwareALSA: Voice Volume min = 0, max = 5
08-19 01:36:48.587  1525  1525 E AudioHardwareALSA: FM Volume min = 0, max = 14
08-19 01:36:48.591  1525  1525 I AudioFlinger: loadHwModule() Loaded primary audio interface from LEGACY Audio HW HAL (audio) handle 1
08-19 01:36:48.591  1525  1525 I AudioFlinger: openOutput(), module 1 Device 2, SamplingRate 48000, Format 0x000001, Channels 3, flags 2
08-19 01:36:48.591  1525  1525 D AudioHardwareALSA: openOutputStream called for devices: 0x00000002 sampleRate = 48000
08-19 01:36:48.591  1525  1525 I AudioHardwareALSA: persist.debug.audio.pcmout2 = ON
08-19 01:36:48.591  1525  1525 D ALSA_Default: open called for devices 00000002 in mode 0...
08-19 01:36:48.591  1525  1525 D ALSA_Default: deviceName: devString [pcmout1], channels 2, sampleRate 48000 
08-19 01:36:48.596  1525  1525 D ALSA_Default: open called for pcmout1
08-19 01:36:48.598  1525  1525 V ALSA_Default: Set PLAYBACK PCM format to S16_LE (Signed 16 bit Little Endian)
08-19 01:36:48.599  1525  1525 V ALSA_Default: Using 2 channels for PLAYBACK.
08-19 01:36:48.599  1525  1525 V ALSA_Default: Set device 0 sample rate to 48000 HZ
08-19 01:36:48.599  1525  1525 V ALSA_Default: Buffer size: 8192
08-19 01:36:48.599  1525  1525 V ALSA_Default: Latency: 170666
08-19 01:36:48.599  1525  1525 V ALSA_Default: Period Size: 4096
08-19 01:36:48.599  1525  1525 D ALSA_Default: startThreshold=8192 stopThreshold=8192
08-19 01:36:48.599  1525  1525 I ALSA_Default: Initialized ALSA PLAYBACK device pcmout1
08-19 01:36:48.599  1525  1525 D SoundBooster: SoundBoosterInit(): sampleRate=44100
08-19 01:36:48.599  1525  1525 D AudioHardwareALSA: getPlaybackDevice for device = 0x2 returned sink = 4
08-19 01:36:48.600  1525  1525 D ALSAStreamOps: ALSAStreamOps::set format=1 channel=3 rate=48000
08-19 01:36:48.600  1525  1525 D ALSAStreamOps: ALSAStreamOps::set rate=48000
08-19 01:36:48.600  1525  1525 I AudioFlinger: AudioStreamOut::open(), mHalFormatIsLinearPcm = 1
08-19 01:36:48.600  1525  1525 I ALSAStreamOps:  CFG_AUD_BUF bufferSize =16384 P
08-19 01:36:48.600  1525  1525 I AudioFlinger: HAL output buffer size 4096 frames, normal sink buffer size 4096 frames
08-19 01:36:48.616  1525  1525 I BufferProvider: found effect "Multichannel Downmix To Stereo" from The Android Open Source Project
08-19 01:36:48.616  1525  1525 I ALSAStreamOps:  CFG_AUD_BUF bufferSize =16384 P
08-19 01:36:48.616  1525  1525 I AudioFlinger: Using module 1 has the primary audio interface
08-19 01:36:48.616  1525  1525 D AudioHardwareALSA: setMode called to enable voice path mode=0 mMode=0
08-19 01:36:48.617  1525  2531 I AudioFlinger: AudioFlinger's thread 0x42c00000 ready to run
08-19 01:36:48.617  1525  2531 D AudioStreamOutALSA: AudioStreamOutALSA::standby--pause, rate = 48000 
08-19 01:36:48.617  1525  2531 I AudioStreamOutALSA: dump.audio.pcm = OFF
08-19 01:36:48.617  1525  2531 V AudioStreamOutALSA: Data Dump is disabled
08-19 01:36:48.617  1525  2531 V ALSAStreamOps: setParameters() routing=2 for playback rate=48000 modechanging=0 mode=0
08-19 01:36:48.617  1525  2531 V ALSAStreamOps: setParameters() mIsRealCall=0
08-19 01:36:48.617  1525  2531 D ALSAStreamOps: ALSAStreamOps mParent->mModeChanging = 0
08-19 01:36:48.617  1525  2531 D ALSAStreamOps: curDevice = 0x2,newDevice = 0x2
08-19 01:36:48.617  1525  2531 D ALSAStreamOps: setParameters() VoiceOnCounter 0 VoiceCallSw 0 device 2 curDev 2, mode 0, wait for mLock_voiceOn...
08-19 01:36:48.617  1525  2531 D ALSAStreamOps: setParameters() get mLock_voiceOn
08-19 01:36:48.617  1525  2531 E AudioFlinger: no wake lock to update!
08-19 01:36:48.618  1525  2529 D AudioHardwareALSA: SetVoiceVolume() volume = 1.000000, mVoipVolFlag = 0
08-19 01:36:48.618  1525  2529 D AudioHardwareALSA: SetVoiceVolume() - volume 1.000000, vol 5, vcVolMin 0, vcVolMax 5
08-19 01:36:48.619  1525  1525 I AudioFlinger: openOutput(), module 1 Device 2, SamplingRate 48000, Format 0x000001, Channels 3, flags 0
08-19 01:36:48.619  1525  1525 D AudioHardwareALSA: openOutputStream called for devices: 0x00000002 sampleRate = 48000
08-19 01:36:48.619  1525  1525 I AudioHardwareALSA: persist.debug.audio.pcmout2 = ON
08-19 01:36:48.619  1525  1525 D AudioHardwareALSA: openOutputStream Unexpected mpOutput=0x41464188
08-19 01:36:48.619  1525  1525 D ALSA_Default: open called for devices 00000002 in mode 0...
08-19 01:36:48.619  1525  1525 D ALSA_Default: deviceName: devString [pcmout1], channels 2, sampleRate 48000 
08-19 01:36:48.620  1525  1525 D ALSA_Default: open called for pcmout1
08-19 01:36:48.620  1525  1525 V ALSA_Default: Set PLAYBACK PCM format to S16_LE (Signed 16 bit Little Endian)
08-19 01:36:48.620  1525  1525 V ALSA_Default: Using 2 channels for PLAYBACK.
08-19 01:36:48.620  1525  1525 V ALSA_Default: Set device 2 sample rate to 48000 HZ
08-19 01:36:48.620  1525  1525 V ALSA_Default: Buffer size: 8192
08-19 01:36:48.620  1525  1525 V ALSA_Default: Latency: 170666
08-19 01:36:48.620  1525  1525 V ALSA_Default: Period Size: 4096
08-19 01:36:48.621  1525  1525 D ALSA_Default: startThreshold=8192 stopThreshold=8192
08-19 01:36:48.621  1525  1525 I ALSA_Default: Initialized ALSA PLAYBACK device pcmout1
08-19 01:36:48.621  1525  1525 D SoundBooster: SoundBoosterInit(): sampleRate=44100
08-19 01:36:48.621  1525  1525 D AudioHardwareALSA: getPlaybackDevice for device = 0x2 returned sink = 4
08-19 01:36:48.621  1525  1525 D ALSAStreamOps: ALSAStreamOps::set format=1 channel=3 rate=48000
08-19 01:36:48.621  1525  1525 D ALSAStreamOps: ALSAStreamOps::set rate=48000
08-19 01:36:48.621  1525  1525 I AudioFlinger: AudioStreamOut::open(), mHalFormatIsLinearPcm = 1
08-19 01:36:48.621  1525  1525 I ALSAStreamOps:  CFG_AUD_BUF bufferSize =16384 P
08-19 01:36:48.621  1525  1525 I AudioFlinger: HAL output buffer size 4096 frames, normal sink buffer size 4096 frames
08-19 01:36:48.622  1525  1525 I ALSAStreamOps:  CFG_AUD_BUF bufferSize =16384 P
08-19 01:36:48.622  1525  2532 I AudioFlinger: AudioFlinger's thread 0x43180000 ready to run
08-19 01:36:48.622  1525  2532 V ALSAStreamOps: setParameters() routing=2 for playback rate=48000 modechanging=0 mode=0
08-19 01:36:48.622  1525  2532 V ALSAStreamOps: setParameters() mIsRealCall=0
08-19 01:36:48.622  1525  2532 D ALSAStreamOps: ALSAStreamOps mParent->mModeChanging = 0
08-19 01:36:48.622  1525  2532 D ALSAStreamOps: curDevice = 0x2,newDevice = 0x2
08-19 01:36:48.622  1525  2532 D ALSAStreamOps: setParameters() VoiceOnCounter 0 VoiceCallSw 0 device 2 curDev 2, mode 0, wait for mLock_voiceOn...
08-19 01:36:48.622  1525  2532 D ALSAStreamOps: setParameters() get mLock_voiceOn
08-19 01:36:48.622  1525  2532 D AudioStreamOutALSA: AudioStreamOutALSA::standby--pause, rate = 48000 
08-19 01:36:48.622  1525  2532 I AudioStreamOutALSA: dump.audio.pcm = OFF
08-19 01:36:48.622  1525  2532 V AudioStreamOutALSA: Data Dump is disabled
08-19 01:36:48.623  1525  2532 E AudioFlinger: no wake lock to update!
08-19 01:36:48.623  1525  1525 E legacy_audio_hw_hal: int android_audio_legacy::adev_open_input_stream(audio_hw_device*, audio_io_handle_t, audio_devices_t, audio_config*, audio_stream_in**): devices before=0x80000004
08-19 01:36:48.623  1525  1525 E legacy_audio_hw_hal: int android_audio_legacy::adev_open_input_stream(audio_hw_device*, audio_io_handle_t, audio_devices_t, audio_config*, audio_stream_in**): devices after=0x40000
08-19 01:36:48.623  1525  1525 D AudioHardwareALSA: openInputStream device=40000 format=1 channel=12 rate=48000
08-19 01:36:48.623  1525  1525 D AudioHardwareALSA: AudioHardwareALSA::openInputStream it->devices 0x84ff0000, devices 0x40000 
08-19 01:36:48.623  1525  1525 D ALSA_Default: open called for devices 00040000 in mode 0...
08-19 01:36:48.623  1525  1525 D ALSA_Default: deviceName: devString [hqaudioin_hpf], channels 1, sampleRate 48000 
08-19 01:36:48.626  1525  1525 I HPF_FILTER: Filter path=/system/usr/lib/alsa-lib/libbcm_hp_filter.so enable=1 float=9.340000 int=3 
08-19 01:36:48.628  1525  1525 I HPF_FILTER: loaded filter id=HPFT path=/system/usr/lib/alsa-lib/libbcm_hp_filter.so bcmf=0x406a4004 handle=0x40041684
08-19 01:36:48.628  1525  1525 I HPF_FILTER: DLL filter loaded /system/usr/lib/alsa-lib/libbcm_hp_filter.so version 1000000
08-19 01:36:48.628  1525  1525 D ALSA_Default: open called for hqaudioin_hpf
08-19 01:36:48.628  1525  1525 D ALSA_Default: setHardwareParams: SND_PCM_STREAM_CAPTURE sampleRate 48000, channels 1
08-19 01:36:48.628  1525  1525 V ALSA_Default: Set CAPTURE PCM format to S16_LE (Signed 16 bit Little Endian)
08-19 01:36:48.628  1525  1525 V ALSA_Default: Using 1 channel for CAPTURE.
08-19 01:36:48.628  1525  1525 V ALSA_Default: Set device 0 sample rate to 48000 HZ
08-19 01:36:48.628  1525  1525 V ALSA_Default: Buffer size: 4096
08-19 01:36:48.628  1525  1525 V ALSA_Default: Latency: 85333
08-19 01:36:48.628  1525  1525 V ALSA_Default: Period Size: 2048
08-19 01:36:48.629  1525  1525 I HPF_FILTER: bcmfilter_init
08-19 01:36:48.629  1525  1525 I ALSA_Default: Initialized ALSA CAPTURE device hqaudioin_hpf
08-19 01:36:48.629  1525  1525 D AcousticsModule: Acoustics set_params stub called with 0.
08-19 01:36:48.629  1525  1525 I samsungRecord: [samsungrecord] SamsungRecInit 
08-19 01:36:48.629  1525  1525 I samsungRecord: 1
08-19 01:36:48.629  1525  1525 D AudioHardwareALSA: getRecordingDevice for device = 0x40000 returned source = 1
08-19 01:36:48.629  1525  1525 D ALSAStreamOps: ALSAStreamOps::set format=1 channel=12 rate=48000
08-19 01:36:48.629  1525  1525 D ALSAStreamOps: ALSAStreamOps::set rate=48000
08-19 01:36:48.630  1525  1525 I HPF_FILTER: bcmfilter_close
08-19 01:36:48.630  1525  1525 D ALSA_Default: open called for devices 00040000 in mode 0...
08-19 01:36:48.630  1525  1525 D ALSA_Default: deviceName: devString [hqaudioin_hpf], channels 2, sampleRate 48000 
08-19 01:36:48.630  1525  1525 I HPF_FILTER: Filter path=/system/usr/lib/alsa-lib/libbcm_hp_filter.so enable=1 float=9.340000 int=3 
08-19 01:36:48.631  1525  1525 I HPF_FILTER: loaded filter id=HPFT path=/system/usr/lib/alsa-lib/libbcm_hp_filter.so bcmf=0x406a4004 handle=0x40041684
08-19 01:36:48.631  1525  1525 I HPF_FILTER: DLL filter loaded /system/usr/lib/alsa-lib/libbcm_hp_filter.so version 1000000
08-19 01:36:48.631  1525  1525 D ALSA_Default: open called for hqaudioin_hpf
08-19 01:36:48.631  1525  1525 D ALSA_Default: setHardwareParams: SND_PCM_STREAM_CAPTURE sampleRate 48000, channels 2
08-19 01:36:48.631  1525  1525 V ALSA_Default: Set CAPTURE PCM format to S16_LE (Signed 16 bit Little Endian)
08-19 01:36:48.631  1525  1525 V ALSA_Default: Using 2 channels for CAPTURE.
08-19 01:36:48.631  1525  1525 V ALSA_Default: Set device 262144 sample rate to 48000 HZ
08-19 01:36:48.631  1525  1525 V ALSA_Default: Buffer size: 4096
08-19 01:36:48.631  1525  1525 V ALSA_Default: Latency: 85333
08-19 01:36:48.631  1525  1525 V ALSA_Default: Period Size: 2048
08-19 01:36:48.632  1525  1525 I HPF_FILTER: bcmfilter_init
08-19 01:36:48.632  1525  1525 I ALSA_Default: Initialized ALSA CAPTURE device hqaudioin_hpf
08-19 01:36:48.632  1525  1525 D AudioStreamInALSA: AudioStreamInALSA::set mSamplingRate = 48000, BageIn = 0, IsInCall = 0!!!
08-19 01:36:48.632  1525  1525 D AudioStreamInALSA: AudioStreamInALSA::sampleRate 48000
08-19 01:36:48.632  1525  1525 D AudioStreamInALSA: AudioStreamInALSA::bufferSize() mSamplingRate 48000 channels 2, size 2048
08-19 01:36:48.632  1525  1525 D AudioStreamInALSA: AudioStreamInALSA::bufferSize() mSamplingRate 48000 channels 2, size 2048
08-19 01:36:48.632  1525  1525 D AudioStreamInALSA: AudioStreamInALSA::sampleRate 48000
08-19 01:36:48.633  1525  2534 I AudioFlinger: AudioFlinger's thread 0x43100000 ready to run
08-19 01:36:48.634  1525  1525 D AudioHardwareALSA: AudioHardwareALSA::closeInputStream
08-19 01:36:48.634  1525  1525 V AudioHardwareALSA: CloseInputStream:refCntInp(updated) =0
08-19 01:36:48.634  1525  1525 D AcousticsModule: Acoustics close stub called.
08-19 01:36:48.634  1525  1525 V AudioHardwareALSA: setAppProfile() routing=0, mode = 0
08-19 01:36:48.634  1525  1525 V AudioHardwareALSA: setAppProfile() device = 0x0, mBargeIn=0
08-19 01:36:48.634  1525  1525 E AudioHardwareALSA: Removing recording profile : -1
08-19 01:36:48.634  1525  1525 W AudioHardwareALSA: EnableAppProfile profile -1 is out of range [0, 17] index=4
08-19 01:36:48.634  1525  1525 V AudioHardwareALSA: setAppProfile() mVoipMode=0, mGvsMode=0, mBargeIn=0, mRecLQMode=0, value[0] = -1
08-19 01:36:48.634  1525  1525 D ALSAStreamOps: Closing the capture device @ rate 48000 
08-19 01:36:48.634  1525  1525 I HPF_FILTER: bcmfilter_close
08-19 01:36:48.635  1525  1525 D ALSAStreamOps: Closed the capture device @ rate 48000 
08-19 01:36:48.635  1525  2533 E FastThread: did not receive expected priority boost
08-19 01:36:48.635  1525  1525 E legacy_audio_hw_hal: int android_audio_legacy::adev_open_input_stream(audio_hw_device*, audio_io_handle_t, audio_devices_t, audio_config*, audio_stream_in**): devices before=0x80000004
08-19 01:36:48.635  1525  1525 E legacy_audio_hw_hal: int android_audio_legacy::adev_open_input_stream(audio_hw_device*, audio_io_handle_t, audio_devices_t, audio_config*, audio_stream_in**): devices after=0x40000
08-19 01:36:48.635  1525  1525 D AudioHardwareALSA: openInputStream device=40000 format=1 channel=12 rate=48000
08-19 01:36:48.635  1525  1525 D AudioHardwareALSA: AudioHardwareALSA::openInputStream it->devices 0x84ff0000, devices 0x40000 
08-19 01:36:48.635  1525  1525 D ALSA_Default: open called for devices 00040000 in mode 0...
08-19 01:36:48.635  1525  1525 D ALSA_Default: deviceName: devString [hqaudioin_hpf], channels 1, sampleRate 48000 
08-19 01:36:48.636  1525  1525 I HPF_FILTER: Filter path=/system/usr/lib/alsa-lib/libbcm_hp_filter.so enable=1 float=9.340000 int=3 
08-19 01:36:48.637  1525  1525 I HPF_FILTER: loaded filter id=HPFT path=/system/usr/lib/alsa-lib/libbcm_hp_filter.so bcmf=0x406a4004 handle=0x40041684
08-19 01:36:48.637  1525  1525 I HPF_FILTER: DLL filter loaded /system/usr/lib/alsa-lib/libbcm_hp_filter.so version 1000000
08-19 01:36:48.637  1525  1525 D ALSA_Default: open called for hqaudioin_hpf
08-19 01:36:48.637  1525  1525 D ALSA_Default: setHardwareParams: SND_PCM_STREAM_CAPTURE sampleRate 48000, channels 1
08-19 01:36:48.637  1525  1525 V ALSA_Default: Set CAPTURE PCM format to S16_LE (Signed 16 bit Little Endian)
08-19 01:36:48.637  1525  1525 V ALSA_Default: Using 1 channel for CAPTURE.
08-19 01:36:48.637  1525  1525 V ALSA_Default: Set device 262144 sample rate to 48000 HZ
08-19 01:36:48.637  1525  1525 V ALSA_Default: Buffer size: 4096
08-19 01:36:48.637  1525  1525 V ALSA_Default: Latency: 85333
08-19 01:36:48.637  1525  1525 V ALSA_Default: Period Size: 2048
08-19 01:36:48.638  1525  1525 I HPF_FILTER: bcmfilter_init
08-19 01:36:48.638  1525  1525 I ALSA_Default: Initialized ALSA CAPTURE device hqaudioin_hpf
08-19 01:36:48.638  1525  1525 D AcousticsModule: Acoustics set_params stub called with 0.
08-19 01:36:48.638  1525  1525 I samsungRecord: [samsungrecord] SamsungRecInit 
08-19 01:36:48.638  1525  1525 I samsungRecord: 1
08-19 01:36:48.638  1525  1525 D AudioHardwareALSA: getRecordingDevice for device = 0x40000 returned source = 1
08-19 01:36:48.638  1525  1525 D ALSAStreamOps: ALSAStreamOps::set format=1 channel=12 rate=48000
08-19 01:36:48.638  1525  1525 D ALSAStreamOps: ALSAStreamOps::set rate=48000
08-19 01:36:48.638  1525  1525 I HPF_FILTER: bcmfilter_close
08-19 01:36:48.638  1525  1525 D ALSA_Default: open called for devices 00040000 in mode 0...
08-19 01:36:48.638  1525  1525 D ALSA_Default: deviceName: devString [hqaudioin_hpf], channels 2, sampleRate 48000 
08-19 01:36:48.639  1525  1525 I HPF_FILTER: Filter path=/system/usr/lib/alsa-lib/libbcm_hp_filter.so enable=1 float=9.340000 int=3 
08-19 01:36:48.640  1525  1525 I HPF_FILTER: loaded filter id=HPFT path=/system/usr/lib/alsa-lib/libbcm_hp_filter.so bcmf=0x406a4004 handle=0x40041684
08-19 01:36:48.640  1525  1525 I HPF_FILTER: DLL filter loaded /system/usr/lib/alsa-lib/libbcm_hp_filter.so version 1000000
08-19 01:36:48.640  1525  1525 D ALSA_Default: open called for hqaudioin_hpf
08-19 01:36:48.640  1525  1525 D ALSA_Default: setHardwareParams: SND_PCM_STREAM_CAPTURE sampleRate 48000, channels 2
08-19 01:36:48.640  1525  1525 V ALSA_Default: Set CAPTURE PCM format to S16_LE (Signed 16 bit Little Endian)
08-19 01:36:48.640  1525  1525 V ALSA_Default: Using 2 channels for CAPTURE.
08-19 01:36:48.640  1525  1525 V ALSA_Default: Set device 262144 sample rate to 48000 HZ
08-19 01:36:48.640  1525  1525 V ALSA_Default: Buffer size: 4096
08-19 01:36:48.640  1525  1525 V ALSA_Default: Latency: 85333
08-19 01:36:48.640  1525  1525 V ALSA_Default: Period Size: 2048
08-19 01:36:48.642  1525  1525 I HPF_FILTER: bcmfilter_init
08-19 01:36:48.642  1525  1525 I ALSA_Default: Initialized ALSA CAPTURE device hqaudioin_hpf
08-19 01:36:48.642  1525  1525 D AudioStreamInALSA: AudioStreamInALSA::set mSamplingRate = 48000, BageIn = 0, IsInCall = 0!!!
08-19 01:36:48.642  1525  1525 D AudioStreamInALSA: AudioStreamInALSA::sampleRate 48000
08-19 01:36:48.642  1525  1525 D AudioStreamInALSA: AudioStreamInALSA::bufferSize() mSamplingRate 48000 channels 2, size 2048
08-19 01:36:48.642  1525  1525 D AudioStreamInALSA: AudioStreamInALSA::bufferSize() mSamplingRate 48000 channels 2, size 2048
08-19 01:36:48.642  1525  1525 D AudioStreamInALSA: AudioStreamInALSA::sampleRate 48000
08-19 01:36:48.643  1525  2536 I AudioFlinger: AudioFlinger's thread 0x43100000 ready to run
08-19 01:36:48.643  1525  2536 D AudioStreamInALSA: AudioStreamInALSA::standby--pause, rate = 48000 
08-19 01:36:48.643  1525  2536 D AudioStreamInALSA: AudioStreamInALSA::standby--pause, rate = 48000 
08-19 01:36:48.644  1525  1525 D AudioHardwareALSA: AudioHardwareALSA::closeInputStream
08-19 01:36:48.644  1525  1525 V AudioHardwareALSA: CloseInputStream:refCntInp(updated) =0
08-19 01:36:48.644  1525  1525 D AcousticsModule: Acoustics close stub called.
08-19 01:36:48.644  1525  1525 V AudioHardwareALSA: setAppProfile() routing=0, mode = 0
08-19 01:36:48.644  1525  1525 V AudioHardwareALSA: setAppProfile() device = 0x0, mBargeIn=0
08-19 01:36:48.644  1525  1525 E AudioHardwareALSA: Removing recording profile : -1
08-19 01:36:48.644  1525  1525 W AudioHardwareALSA: EnableAppProfile profile -1 is out of range [0, 17] index=4
08-19 01:36:48.644  1525  1525 V AudioHardwareALSA: setAppProfile() mVoipMode=0, mGvsMode=0, mBargeIn=0, mRecLQMode=0, value[0] = -1
08-19 01:36:48.644  1525  1525 D ALSAStreamOps: Closing the capture device @ rate 48000 
08-19 01:36:48.644  1525  1525 I HPF_FILTER: bcmfilter_close
08-19 01:36:48.645  1525  1525 D ALSAStreamOps: Closed the capture device @ rate 48000 
08-19 01:36:48.645  1525  2535 E FastThread: did not receive expected priority boost
08-19 01:36:48.648  1525  1525 I bt_a2dp_hw: adev_open:  adev_open in A2dp_hw module
08-19 01:36:48.648  1525  1525 I AudioFlinger: loadHwModule() Loaded a2dp audio interface from A2DP Audio HW HAL (audio) handle 8
08-19 01:36:48.651  1525  1525 I r_submix: adev_open(name=audio_hw_if)
08-19 01:36:48.652  1525  1525 I r_submix: adev_init_check()
08-19 01:36:48.652  1525  1525 I AudioFlinger: loadHwModule() Loaded r_submix audio interface from Wifi Display audio HAL (audio) handle 9
08-19 01:36:48.653  1525  1525 E SoundTriggerHwService: couldn't load sound trigger module sound_trigger.primary (No such file or directory)
08-19 01:36:48.653  1525  1525 I RadioService: RadioService
08-19 01:36:48.653  1525  1525 I RadioService: onFirstRef
08-19 01:36:48.653  1525  1525 E RadioService: couldn't load radio module radio.primary (No such file or directory)
08-19 01:36:49.000  1479  1686 D hawaii.hwcomposer: FBDevice::vsync called 66 times
08-19 01:36:49.976  1479  1479 D hawaii.hwcomposer: FBDevice::post called 4 times [4 0 0 0 0 0 0 0]
08-19 01:36:50.011  1479  1686 D hawaii.hwcomposer: FBDevice::vsync called 67 times
08-19 01:36:50.187  1479  1479 D hawaii.hwcomposer: FBDevice::post called 1 times [1 0 0 0 0 0 0 0]
08-19 01:36:51.005  1479  1686 D hawaii.hwcomposer: FBDevice::vsync called 66 times
08-19 01:36:51.985  1479  1479 D hawaii.hwcomposer: FBDevice::post called 4 times [4 0 0 0 0 0 0 0]
08-19 01:36:52.014  1479  1686 D hawaii.hwcomposer: FBDevice::vsync called 67 times
08-19 01:36:52.181  1479  1479 D hawaii.hwcomposer: FBDevice::post called 1 times [1 0 0 0 0 0 0 0]
08-19 01:36:53.008  1479  1686 D hawaii.hwcomposer: FBDevice::vsync called 66 times
08-19 01:36:53.979  1479  1479 D hawaii.hwcomposer: FBDevice::post called 4 times [4 0 0 0 0 0 0 0]
08-19 01:36:54.002  1479  1686 D hawaii.hwcomposer: FBDevice::vsync called 66 times
08-19 01:36:54.190  1479  1479 D hawaii.hwcomposer: FBDevice::post called 1 times [1 0 0 0 0 0 0 0]
08-19 01:36:55.011  1479  1686 D hawaii.hwcomposer: FBDevice::vsync called 67 times
08-19 01:36:55.988  1479  1479 D hawaii.hwcomposer: FBDevice::post called 4 times [4 0 0 0 0 0 0 0]
08-19 01:36:56.004  1479  1686 D hawaii.hwcomposer: FBDevice::vsync called 66 times
08-19 01:36:56.184  1479  1479 D hawaii.hwcomposer: FBDevice::post called 1 times [1 0 0 0 0 0 0 0]
08-19 01:36:57.014  1479  1686 D hawaii.hwcomposer: FBDevice::vsync called 67 times
08-19 01:36:57.982  1479  1479 D hawaii.hwcomposer: FBDevice::post called 4 times [4 0 0 0 0 0 0 0]
08-19 01:36:58.009  1479  1686 D hawaii.hwcomposer: FBDevice::vsync called 66 times
08-19 01:36:58.179  1479  1479 D hawaii.hwcomposer: FBDevice::post called 1 times [1 0 0 0 0 0 0 0]
08-19 01:36:59.002  1479  1686 D hawaii.hwcomposer: FBDevice::vsync called 66 times
08-19 01:36:59.991  1479  1479 D hawaii.hwcomposer: FBDevice::post called 4 times [4 0 0 0 0 0 0 0]
08-19 01:37:00.011  1479  1686 D hawaii.hwcomposer: FBDevice::vsync called 67 times
08-19 01:37:00.187  1479  1479 D hawaii.hwcomposer: FBDevice::post called 1 times [1 0 0 0 0 0 0 0]
08-19 01:37:01.005  1479  1686 D hawaii.hwcomposer: FBDevice::vsync called 66 times
08-19 01:37:01.985  1479  1479 D hawaii.hwcomposer: FBDevice::post called 4 times [4 0 0 0 0 0 0 0]
08-19 01:37:02.014  1479  1686 D hawaii.hwcomposer: FBDevice::vsync called 67 times
08-19 01:37:02.181  1479  1479 D hawaii.hwcomposer: FBDevice::post called 1 times [1 0 0 0 0 0 0 0]
08-19 01:37:03.007  1479  1686 D hawaii.hwcomposer: FBDevice::vsync called 66 times
08-19 01:37:03.981  1479  1479 D hawaii.hwcomposer: FBDevice::post called 4 times [4 0 0 0 0 0 0 0]
08-19 01:37:04.001  1479  1686 D hawaii.hwcomposer: FBDevice::vsync called 66 times
08-19 01:37:04.190  1479  1479 D hawaii.hwcomposer: FBDevice::post called 1 times [1 0 0 0 0 0 0 0]
08-19 01:37:05.010  1479  1686 D hawaii.hwcomposer: FBDevice::vsync called 67 times
08-19 01:37:05.988  1479  1479 D hawaii.hwcomposer: FBDevice::post called 4 times [4 0 0 0 0 0 0 0]
08-19 01:37:06.003  1479  1686 D hawaii.hwcomposer: FBDevice::vsync called 66 times
08-19 01:37:06.184  1479  1479 D hawaii.hwcomposer: FBDevice::post called 1 times [1 0 0 0 0 0 0 0]
08-19 01:37:07.012  1479  1686 D hawaii.hwcomposer: FBDevice::vsync called 67 times
08-19 01:37:07.982  1479  1479 D hawaii.hwcomposer: FBDevice::post called 4 times [4 0 0 0 0 0 0 0]
08-19 01:37:08.007  1479  1686 D hawaii.hwcomposer: FBDevice::vsync called 66 times
08-19 01:37:08.193  1479  1479 D hawaii.hwcomposer: FBDevice::post called 1 times [1 0 0 0 0 0 0 0]
08-19 01:37:09.000  1479  1686 D hawaii.hwcomposer: FBDevice::vsync called 66 times
08-19 01:37:09.991  1479  1479 D hawaii.hwcomposer: FBDevice::post called 4 times [4 0 0 0 0 0 0 0]
08-19 01:37:10.008  1479  1686 D hawaii.hwcomposer: FBDevice::vsync called 67 times
08-19 01:37:10.187  1479  1479 D hawaii.hwcomposer: FBDevice::post called 1 times [1 0 0 0 0 0 0 0]
08-19 01:37:11.002  1479  1686 D hawaii.hwcomposer: FBDevice::vsync called 66 times
08-19 01:37:11.985  1479  1479 D hawaii.hwcomposer: FBDevice::post called 4 times [4 0 0 0 0 0 0 0]
08-19 01:37:12.011  1479  1686 D hawaii.hwcomposer: FBDevice::vsync called 67 times
08-19 01:37:12.183  1479  1479 D hawaii.hwcomposer: FBDevice::post called 1 times [1 0 0 0 0 0 0 0]
08-19 01:37:13.005  1479  1686 D hawaii.hwcomposer: FBDevice::vsync called 66 times
08-19 01:37:13.994  1479  1479 D hawaii.hwcomposer: FBDevice::post called 4 times [4 0 0 0 0 0 0 0]
08-19 01:37:14.014  1479  1686 D hawaii.hwcomposer: FBDevice::vsync called 67 times
08-19 01:37:14.190  1479  1479 D hawaii.hwcomposer: FBDevice::post called 1 times [1 0 0 0 0 0 0 0]
08-19 01:37:15.008  1479  1686 D hawaii.hwcomposer: FBDevice::vsync called 66 times
08-19 01:37:15.988  1479  1479 D hawaii.hwcomposer: FBDevice::post called 4 times [4 0 0 0 0 0 0 0]
08-19 01:37:16.001  1479  1686 D hawaii.hwcomposer: FBDevice::vsync called 66 times
08-19 01:37:16.184  1479  1479 D hawaii.hwcomposer: FBDevice::post called 1 times [1 0 0 0 0 0 0 0]
08-19 01:37:17.010  1479  1686 D hawaii.hwcomposer: FBDevice::vsync called 67 times
08-19 01:37:17.997  1479  1479 D hawaii.hwcomposer: FBDevice::post called 4 times [4 0 0 0 0 0 0 0]
08-19 01:37:18.004  1479  1686 D hawaii.hwcomposer: FBDevice::vsync called 66 times
08-19 01:37:18.193  1479  1479 D hawaii.hwcomposer: FBDevice::post called 1 times [1 0 0 0 0 0 0 0]
08-19 01:37:19.013  1479  1686 D hawaii.hwcomposer: FBDevice::vsync called 67 times
08-19 01:37:19.991  1479  1479 D hawaii.hwcomposer: FBDevice::post called 4 times [4 0 0 0 0 0 0 0]
08-19 01:37:20.006  1479  1686 D hawaii.hwcomposer: FBDevice::vsync called 66 times
08-19 01:37:20.187  1479  1479 D hawaii.hwcomposer: FBDevice::post called 1 times [1 0 0 0 0 0 0 0]
08-19 01:37:21.000  1479  1686 D hawaii.hwcomposer: FBDevice::vsync called 66 times
08-19 01:37:21.986  1479  1479 D hawaii.hwcomposer: FBDevice::post called 4 times [4 0 0 0 0 0 0 0]
08-19 01:37:22.009  1479  1686 D hawaii.hwcomposer: FBDevice::vsync called 67 times
08-19 01:37:22.196  1479  1479 D hawaii.hwcomposer: FBDevice::post called 1 times [1 0 0 0 0 0 0 0]
08-19 01:37:23.003  1479  1686 D hawaii.hwcomposer: FBDevice::vsync called 66 times
08-19 01:37:23.994  1479  1479 D hawaii.hwcomposer: FBDevice::post called 4 times [4 0 0 0 0 0 0 0]
08-19 01:37:24.012  1479  1686 D hawaii.hwcomposer: FBDevice::vsync called 67 times
08-19 01:37:24.190  1479  1479 D hawaii.hwcomposer: FBDevice::post called 1 times [1 0 0 0 0 0 0 0]
08-19 01:37:25.005  1479  1686 D hawaii.hwcomposer: FBDevice::vsync called 66 times
08-19 01:37:25.988  1479  1479 D hawaii.hwcomposer: FBDevice::post called 4 times [4 0 0 0 0 0 0 0]
08-19 01:37:26.014  1479  1686 D hawaii.hwcomposer: FBDevice::vsync called 67 times
08-19 01:37:26.199  1479  1479 D hawaii.hwcomposer: FBDevice::post called 1 times [1 0 0 0 0 0 0 0]
08-19 01:37:27.008  1479  1686 D hawaii.hwcomposer: FBDevice::vsync called 66 times
08-19 01:37:27.996  1479  1479 D hawaii.hwcomposer: FBDevice::post called 4 times [4 0 0 0 0 0 0 0]
08-19 01:37:28.003  1479  1686 D hawaii.hwcomposer: FBDevice::vsync called 66 times
08-19 01:37:28.193  1479  1479 D hawaii.hwcomposer: FBDevice::post called 1 times [1 0 0 0 0 0 0 0]
08-19 01:37:29.012  1479  1686 D hawaii.hwcomposer: FBDevice::vsync called 67 times
08-19 01:37:29.990  1479  1479 D hawaii.hwcomposer: FBDevice::post called 4 times [4 0 0 0 0 0 0 0]
08-19 01:37:30.007  1479  1686 D hawaii.hwcomposer: FBDevice::vsync called 66 times
08-19 01:37:30.189  1479  1479 D hawaii.hwcomposer: FBDevice::post called 1 times [1 0 0 0 0 0 0 0]
08-19 01:37:31.001  1479  1686 D hawaii.hwcomposer: FBDevice::vsync called 66 times
08-19 01:37:32.000  1479  1479 D hawaii.hwcomposer: FBDevice::post called 4 times [4 0 0 0 0 0 0 0]
08-19 01:37:32.010  1479  1686 D hawaii.hwcomposer: FBDevice::vsync called 67 times
08-19 01:37:32.196  1479  1479 D hawaii.hwcomposer: FBDevice::post called 1 times [1 0 0 0 0 0 0 0]
08-19 01:37:33.003  1479  1686 D hawaii.hwcomposer: FBDevice::vsync called 66 times
08-19 01:37:33.993  1479  1479 D hawaii.hwcomposer: FBDevice::post called 4 times [4 0 0 0 0 0 0 0]
08-19 01:37:34.012  1479  1686 D hawaii.hwcomposer: FBDevice::vsync called 67 times
08-19 01:37:34.190  1479  1479 D hawaii.hwcomposer: FBDevice::post called 1 times [1 0 0 0 0 0 0 0]
08-19 01:37:35.005  1479  1686 D hawaii.hwcomposer: FBDevice::vsync called 66 times
08-19 01:37:36.000  1479  1686 D hawaii.hwcomposer: FBDevice::vsync called 66 times
08-19 01:37:36.003  1479  1479 D hawaii.hwcomposer: FBDevice::post called 4 times [4 0 0 0 0 0 0 0]
08-19 01:37:37.009  1479  1686 D hawaii.hwcomposer: FBDevice::vsync called 67 times
08-19 01:37:37.996  1479  1479 D hawaii.hwcomposer: FBDevice::post called 5 times [5 0 0 0 0 0 0 0]
08-19 01:37:38.003  1479  1686 D hawaii.hwcomposer: FBDevice::vsync called 66 times
08-19 01:37:38.193  1479  1479 D hawaii.hwcomposer: FBDevice::post called 1 times [1 0 0 0 0 0 0 0]
08-19 01:37:39.012  1479  1686 D hawaii.hwcomposer: FBDevice::vsync called 67 times
08-19 01:37:39.992  1479  1479 D hawaii.hwcomposer: FBDevice::post called 4 times [4 0 0 0 0 0 0 0]
08-19 01:37:40.005  1479  1686 D hawaii.hwcomposer: FBDevice::vsync called 66 times
08-19 01:37:40.202  1479  1479 D hawaii.hwcomposer: FBDevice::post called 1 times [1 0 0 0 0 0 0 0]
08-19 01:37:41.013  1479  1686 D hawaii.hwcomposer: FBDevice::vsync called 67 times
08-19 01:37:41.999  1479  1479 D hawaii.hwcomposer: FBDevice::post called 4 times [4 0 0 0 0 0 0 0]
08-19 01:37:42.007  1479  1686 D hawaii.hwcomposer: FBDevice::vsync called 66 times
08-19 01:37:42.196  1479  1479 D hawaii.hwcomposer: FBDevice::post called 1 times [1 0 0 0 0 0 0 0]
08-19 01:37:43.001  1479  1686 D hawaii.hwcomposer: FBDevice::vsync called 66 times
08-19 01:37:43.993  1479  1479 D hawaii.hwcomposer: FBDevice::post called 4 times [4 0 0 0 0 0 0 0]
08-19 01:37:44.009  1479  1686 D hawaii.hwcomposer: FBDevice::vsync called 67 times
08-19 01:37:44.205  1479  1479 D hawaii.hwcomposer: FBDevice::post called 1 times [1 0 0 0 0 0 0 0]
08-19 01:37:45.005  1479  1686 D hawaii.hwcomposer: FBDevice::vsync called 66 times
08-19 01:37:46.000  1479  1686 D hawaii.hwcomposer: FBDevice::vsync called 66 times
08-19 01:37:46.003  1479  1479 D hawaii.hwcomposer: FBDevice::post called 4 times [4 0 0 0 0 0 0 0]
08-19 01:37:47.010  1479  1686 D hawaii.hwcomposer: FBDevice::vsync called 67 times
08-19 01:37:47.996  1479  1479 D hawaii.hwcomposer: FBDevice::post called 5 times [5 0 0 0 0 0 0 0]
08-19 01:37:48.005  1479  1686 D hawaii.hwcomposer: FBDevice::vsync called 66 times
08-19 01:37:48.194  1479  1479 D hawaii.hwcomposer: FBDevice::post called 1 times [1 0 0 0 0 0 0 0]
08-19 01:37:49.013  1479  1686 D hawaii.hwcomposer: FBDevice::vsync called 67 times
08-19 01:37:50.005  1479  1479 D hawaii.hwcomposer: FBDevice::post called 4 times [4 0 0 0 0 0 0 0]
08-19 01:37:50.009  1479  1686 D hawaii.hwcomposer: FBDevice::vsync called 66 times
08-19 01:37:51.003  1479  1686 D hawaii.hwcomposer: FBDevice::vsync called 66 times
08-19 01:37:51.999  1479  1479 D hawaii.hwcomposer: FBDevice::post called 5 times [5 0 0 0 0 0 0 0]
08-19 01:37:52.013  1479  1686 D hawaii.hwcomposer: FBDevice::vsync called 67 times
08-19 01:37:52.196  1479  1479 D hawaii.hwcomposer: FBDevice::post called 1 times [1 0 0 0 0 0 0 0]
08-19 01:37:53.006  1479  1686 D hawaii.hwcomposer: FBDevice::vsync called 66 times
08-19 01:37:54.000  1479  1686 D hawaii.hwcomposer: FBDevice::vsync called 66 times
08-19 01:37:54.008  1479  1479 D hawaii.hwcomposer: FBDevice::post called 4 times [4 0 0 0 0 0 0 0]
08-19 01:37:55.009  1479  1686 D hawaii.hwcomposer: FBDevice::vsync called 67 times
08-19 01:37:56.002  1479  1479 D hawaii.hwcomposer: FBDevice::post called 5 times [5 0 0 0 0 0 0 0]
08-19 01:37:56.003  1479  1686 D hawaii.hwcomposer: FBDevice::vsync called 66 times
08-19 01:37:57.012  1479  1686 D hawaii.hwcomposer: FBDevice::vsync called 67 times
08-19 01:37:57.998  1479  1479 D hawaii.hwcomposer: FBDevice::post called 5 times [5 0 0 0 0 0 0 0]
08-19 01:37:58.007  1479  1686 D hawaii.hwcomposer: FBDevice::vsync called 66 times
08-19 01:37:58.207  1479  1479 D hawaii.hwcomposer: FBDevice::post called 1 times [1 0 0 0 0 0 0 0]
08-19 01:37:59.001  1479  1686 D hawaii.hwcomposer: FBDevice::vsync called 66 times
08-19 01:38:00.005  1479  1479 D hawaii.hwcomposer: FBDevice::post called 4 times [4 0 0 0 0 0 0 0]
08-19 01:38:00.010  1479  1686 D hawaii.hwcomposer: FBDevice::vsync called 67 times
08-19 01:38:01.004  1479  1686 D hawaii.hwcomposer: FBDevice::vsync called 66 times
08-19 01:38:01.999  1479  1479 D hawaii.hwcomposer: FBDevice::post called 5 times [5 0 0 0 0 0 0 0]
08-19 01:38:02.014  1479  1686 D hawaii.hwcomposer: FBDevice::vsync called 67 times
08-19 01:38:02.210  1479  1479 D hawaii.hwcomposer: FBDevice::post called 1 times [1 0 0 0 0 0 0 0]
08-19 01:38:03.008  1479  1686 D hawaii.hwcomposer: FBDevice::vsync called 66 times
08-19 01:38:04.002  1479  1686 D hawaii.hwcomposer: FBDevice::vsync called 66 times
08-19 01:38:04.008  1479  1479 D hawaii.hwcomposer: FBDevice::post called 4 times [4 0 0 0 0 0 0 0]
08-19 01:38:05.012  1479  1686 D hawaii.hwcomposer: FBDevice::vsync called 67 times
08-19 01:38:06.002  1479  1479 D hawaii.hwcomposer: FBDevice::post called 5 times [5 0 0 0 0 0 0 0]
08-19 01:38:06.007  1479  1686 D hawaii.hwcomposer: FBDevice::vsync called 66 times
08-19 01:38:07.001  1479  1686 D hawaii.hwcomposer: FBDevice::vsync called 66 times
08-19 01:38:08.011  1479  1479 D hawaii.hwcomposer: FBDevice::post called 5 times [5 0 0 0 0 0 0 0]
08-19 01:38:08.011  1479  1686 D hawaii.hwcomposer: FBDevice::vsync called 67 times
08-19 01:38:09.005  1479  1686 D hawaii.hwcomposer: FBDevice::vsync called 66 times
08-19 01:38:10.000  1479  1686 D hawaii.hwcomposer: FBDevice::vsync called 66 times
08-19 01:38:10.005  1479  1479 D hawaii.hwcomposer: FBDevice::post called 5 times [5 0 0 0 0 0 0 0]
08-19 01:38:11.009  1479  1686 D hawaii.hwcomposer: FBDevice::vsync called 67 times
08-19 01:38:12.002  1479  1686 D hawaii.hwcomposer: FBDevice::vsync called 66 times
08-19 01:38:12.014  1479  1479 D hawaii.hwcomposer: FBDevice::post called 5 times [5 0 0 0 0 0 0 0]
08-19 01:38:13.011  1479  1686 D hawaii.hwcomposer: FBDevice::vsync called 67 times
08-19 01:38:14.005  1479  1686 D hawaii.hwcomposer: FBDevice::vsync called 66 times
08-19 01:38:14.008  1479  1479 D hawaii.hwcomposer: FBDevice::post called 5 times [5 0 0 0 0 0 0 0]
08-19 01:38:15.013  1479  1686 D hawaii.hwcomposer: FBDevice::vsync called 67 times
08-19 01:38:16.003  1479  1479 D hawaii.hwcomposer: FBDevice::post called 5 times [5 0 0 0 0 0 0 0]
08-19 01:38:16.007  1479  1686 D hawaii.hwcomposer: FBDevice::vsync called 66 times
08-19 01:38:17.000  1479  1686 D hawaii.hwcomposer: FBDevice::vsync called 66 times
08-19 01:38:18.009  1479  1686 D hawaii.hwcomposer: FBDevice::vsync called 67 times
08-19 01:38:18.011  1479  1479 D hawaii.hwcomposer: FBDevice::post called 5 times [5 0 0 0 0 0 0 0]
08-19 01:38:19.003  1479  1686 D hawaii.hwcomposer: FBDevice::vsync called 66 times
08-19 01:38:20.005  1479  1479 D hawaii.hwcomposer: FBDevice::post called 5 times [5 0 0 0 0 0 0 0]
08-19 01:38:20.012  1479  1686 D hawaii.hwcomposer: FBDevice::vsync called 67 times
08-19 01:38:21.006  1479  1686 D hawaii.hwcomposer: FBDevice::vsync called 66 times
08-19 01:38:22.000  1479  1686 D hawaii.hwcomposer: FBDevice::vsync called 66 times
08-19 01:38:22.014  1479  1479 D hawaii.hwcomposer: FBDevice::post called 5 times [5 0 0 0 0 0 0 0]
08-19 01:38:23.008  1479  1686 D hawaii.hwcomposer: FBDevice::vsync called 67 times
08-19 01:38:24.002  1479  1686 D hawaii.hwcomposer: FBDevice::vsync called 66 times
08-19 01:38:24.008  1479  1479 D hawaii.hwcomposer: FBDevice::post called 5 times [5 0 0 0 0 0 0 0]
08-19 01:38:25.011  1479  1686 D hawaii.hwcomposer: FBDevice::vsync called 67 times
08-19 01:38:26.005  1479  1686 D hawaii.hwcomposer: FBDevice::vsync called 66 times
08-19 01:38:26.017  1479  1479 D hawaii.hwcomposer: FBDevice::post called 5 times [5 0 0 0 0 0 0 0]
08-19 01:38:27.014  1479  1686 D hawaii.hwcomposer: FBDevice::vsync called 67 times
08-19 01:38:28.008  1479  1686 D hawaii.hwcomposer: FBDevice::vsync called 66 times
08-19 01:38:28.011  1479  1479 D hawaii.hwcomposer: FBDevice::post called 5 times [5 0 0 0 0 0 0 0]
08-19 01:38:29.002  1479  1686 D hawaii.hwcomposer: FBDevice::vsync called 66 times
08-19 01:38:30.012  1479  1686 D hawaii.hwcomposer: FBDevice::vsync called 67 times
08-19 01:38:30.020  1479  1479 D hawaii.hwcomposer: FBDevice::post called 5 times [5 0 0 0 0 0 0 0]
08-19 01:38:31.006  1479  1686 D hawaii.hwcomposer: FBDevice::vsync called 66 times
08-19 01:38:32.001  1479  1686 D hawaii.hwcomposer: FBDevice::vsync called 66 times
08-19 01:38:32.013  1479  1479 D hawaii.hwcomposer: FBDevice::post called 5 times [5 0 0 0 0 0 0 0]
08-19 01:38:33.010  1479  1686 D hawaii.hwcomposer: FBDevice::vsync called 67 times
08-19 01:38:34.005  1479  1686 D hawaii.hwcomposer: FBDevice::vsync called 66 times
08-19 01:38:34.009  1479  1479 D hawaii.hwcomposer: FBDevice::post called 5 times [5 0 0 0 0 0 0 0]
08-19 01:38:35.000  1479  1686 D hawaii.hwcomposer: FBDevice::vsync called 66 times
08-19 01:38:36.009  1479  1686 D hawaii.hwcomposer: FBDevice::vsync called 67 times
08-19 01:38:36.016  1479  1479 D hawaii.hwcomposer: FBDevice::post called 5 times [5 0 0 0 0 0 0 0]
08-19 01:38:37.004  1479  1686 D hawaii.hwcomposer: FBDevice::vsync called 66 times
08-19 01:38:38.010  1479  1479 D hawaii.hwcomposer: FBDevice::post called 5 times [5 0 0 0 0 0 0 0]
08-19 01:38:38.013  1479  1686 D hawaii.hwcomposer: FBDevice::vsync called 67 times
08-19 01:38:39.008  1479  1686 D hawaii.hwcomposer: FBDevice::vsync called 66 times
08-19 01:38:40.002  1479  1686 D hawaii.hwcomposer: FBDevice::vsync called 66 times
08-19 01:38:40.019  1479  1479 D hawaii.hwcomposer: FBDevice::post called 5 times [5 0 0 0 0 0 0 0]
08-19 01:38:41.012  1479  1686 D hawaii.hwcomposer: FBDevice::vsync called 67 times
08-19 01:38:42.007  1479  1686 D hawaii.hwcomposer: FBDevice::vsync called 66 times
08-19 01:38:42.013  1479  1479 D hawaii.hwcomposer: FBDevice::post called 5 times [5 0 0 0 0 0 0 0]
08-19 01:38:43.001  1479  1686 D hawaii.hwcomposer: FBDevice::vsync called 66 times
08-19 01:38:44.011  1479  1686 D hawaii.hwcomposer: FBDevice::vsync called 67 times
08-19 01:38:44.022  1479  1479 D hawaii.hwcomposer: FBDevice::post called 5 times [5 0 0 0 0 0 0 0]
08-19 01:38:45.005  1479  1686 D hawaii.hwcomposer: FBDevice::vsync called 66 times
08-19 01:38:46.014  1479  1686 D hawaii.hwcomposer: FBDevice::vsync called 67 times
08-19 01:38:46.016  1479  1479 D hawaii.hwcomposer: FBDevice::post called 5 times [5 0 0 0 0 0 0 0]
08-19 01:38:47.010  1479  1686 D hawaii.hwcomposer: FBDevice::vsync called 66 times
08-19 01:38:48.005  1479  1686 D hawaii.hwcomposer: FBDevice::vsync called 66 times
08-19 01:38:48.025  1479  1479 D hawaii.hwcomposer: FBDevice::post called 5 times [5 0 0 0 0 0 0 0]
08-19 01:38:49.014  1479  1686 D hawaii.hwcomposer: FBDevice::vsync called 67 times
08-19 01:38:50.008  1479  1686 D hawaii.hwcomposer: FBDevice::vsync called 66 times
08-19 01:38:50.019  1479  1479 D hawaii.hwcomposer: FBDevice::post called 5 times [5 0 0 0 0 0 0 0]
08-19 01:38:51.002  1479  1686 D hawaii.hwcomposer: FBDevice::vsync called 66 times
08-19 01:38:52.012  1479  1686 D hawaii.hwcomposer: FBDevice::vsync called 67 times
08-19 01:38:52.014  1479  1479 D hawaii.hwcomposer: FBDevice::post called 5 times [5 0 0 0 0 0 0 0]
08-19 01:38:53.007  1479  1686 D hawaii.hwcomposer: FBDevice::vsync called 66 times
08-19 01:38:54.001  1479  1686 D hawaii.hwcomposer: FBDevice::vsync called 66 times
08-19 01:38:54.022  1479  1479 D hawaii.hwcomposer: FBDevice::post called 5 times [5 0 0 0 0 0 0 0]
08-19 01:38:55.010  1479  1686 D hawaii.hwcomposer: FBDevice::vsync called 67 times
08-19 01:38:56.005  1479  1686 D hawaii.hwcomposer: FBDevice::vsync called 66 times
08-19 01:38:56.016  1479  1479 D hawaii.hwcomposer: FBDevice::post called 5 times [5 0 0 0 0 0 0 0]
08-19 01:38:57.014  1479  1686 D hawaii.hwcomposer: FBDevice::vsync called 67 times
08-19 01:38:58.008  1479  1686 D hawaii.hwcomposer: FBDevice::vsync called 66 times
08-19 01:38:58.025  1479  1479 D hawaii.hwcomposer: FBDevice::post called 5 times [5 0 0 0 0 0 0 0]
08-19 01:38:59.002  1479  1686 D hawaii.hwcomposer: FBDevice::vsync called 66 times
08-19 01:39:00.012  1479  1686 D hawaii.hwcomposer: FBDevice::vsync called 67 times
08-19 01:39:00.019  1479  1479 D hawaii.hwcomposer: FBDevice::post called 5 times [5 0 0 0 0 0 0 0]
08-19 01:39:01.005  1479  1686 D hawaii.hwcomposer: FBDevice::vsync called 66 times
08-19 01:39:02.000  1479  1686 D hawaii.hwcomposer: FBDevice::vsync called 66 times
08-19 01:39:02.028  1479  1479 D hawaii.hwcomposer: FBDevice::post called 5 times [5 0 0 0 0 0 0 0]
08-19 01:39:03.009  1479  1686 D hawaii.hwcomposer: FBDevice::vsync called 67 times
08-19 01:39:04.004  1479  1686 D hawaii.hwcomposer: FBDevice::vsync called 66 times
08-19 01:39:04.022  1479  1479 D hawaii.hwcomposer: FBDevice::post called 5 times [5 0 0 0 0 0 0 0]
08-19 01:39:05.013  1479  1686 D hawaii.hwcomposer: FBDevice::vsync called 67 times
08-19 01:39:06.007  1479  1686 D hawaii.hwcomposer: FBDevice::vsync called 66 times
08-19 01:39:06.031  1479  1479 D hawaii.hwcomposer: FBDevice::post called 5 times [5 0 0 0 0 0 0 0]
08-19 01:39:07.002  1479  1686 D hawaii.hwcomposer: FBDevice::vsync called 66 times
08-19 01:39:08.011  1479  1686 D hawaii.hwcomposer: FBDevice::vsync called 67 times
08-19 01:39:08.025  1479  1479 D hawaii.hwcomposer: FBDevice::post called 5 times [5 0 0 0 0 0 0 0]
08-19 01:39:09.006  1479  1686 D hawaii.hwcomposer: FBDevice::vsync called 66 times
