--------- beginning of system
08-19 01:36:39.743  1455  1455 I vold    : Vold 3.0 (the awakening) firing up
08-19 01:36:39.744  1455  1455 V vold    : Detected support for: exfat ext4 f2fs ntfs vfat
--------- beginning of main
08-19 01:36:39.767  1472  1472 I sysinit : Running /system/etc/init.d/00banner 
08-19 01:36:39.857  1477  1477 I lowmemorykiller: Using in-kernel low memory killer interface
08-19 01:36:39.860  1509  1509 I cm      : _ _                                        
08-19 01:36:39.924  1516  1516 I cm      : | (_)_ __   ___  __ _  __ _  ___  ___  ___  
08-19 01:36:40.016  1549  1549 I cm      : | | | '_ \ / _ \/ _` |/ _` |/ _ \/ _ \/ __| 
08-19 01:36:40.019  1527  1527 I installd: installd firing up
08-19 01:36:40.027  1539  1539 D macloader: Deleting file /data/.cid.info
08-19 01:36:40.071  1521  1521 I DEBUG   : debuggerd: starting
08-19 01:36:40.105  1455  1481 V vold    : /system/bin/sgdisk
08-19 01:36:40.105  1455  1481 V vold    :     --android-dump
08-19 01:36:40.105  1455  1481 V vold    :     /dev/block/vold/disk:179_32
08-19 01:36:40.115  1586  1586 I cm      : | | | | | |  __/ (_| | (_| |  __/ (_) \__ \ 
08-19 01:36:40.206  1618  1618 I cm      : |_|_|_| |_|\___|\__,_|\__, |\___|\___/|___/ 
08-19 01:36:40.211  1576  1576 I perfprofd: starting Android Wide Profiling daemon
08-19 01:36:40.228  1576  1576 E perfprofd: unable to open configuration file /data/data/com.google.android.gms/files/perfprofd.conf
08-19 01:36:40.228  1576  1576 I perfprofd: random seed set to 49425706
08-19 01:36:40.274  1563  1563 I gatekeeperd: Starting gatekeeperd...
08-19 01:36:40.275  1455  1481 V vold    : DISK mbr
08-19 01:36:40.275  1455  1481 V vold    : PART 1 c
08-19 01:36:40.288  1563  1563 W gatekeeperd: falling back to software GateKeeper
08-19 01:36:40.295  1629  1629 I cm      :                       |___/ 
08-19 01:36:40.360  1519  1519 I Netd    : Netd 1.0 starting
08-19 01:36:40.369  1519  1519 I QtiConnectivityAdapter: Failed to open libconnctrl, some features may not be present.
08-19 01:36:40.369  1519  1519 D TetherController: Setting IP forward enable = 0
08-19 01:36:40.465  1479  1479 I SurfaceFlinger: SurfaceFlinger is starting
08-19 01:36:40.467  1479  1479 I SurfaceFlinger: SurfaceFlinger's main thread ready to run. Initializing graphics H/W...
08-19 01:36:40.477  1528  1528 I keystore: Found keymaster0 module Keymaster OpenSSL HAL, version 2
08-19 01:36:40.477  1528  1528 I SoftKeymaster: system/keymaster/soft_keymaster_device.cpp, Line 122: Creating device
08-19 01:36:40.477  1528  1528 D SoftKeymaster: system/keymaster/soft_keymaster_device.cpp, Line 123: Device address: 0x408e4000
08-19 01:36:40.477  1528  1528 I keystore: Keymaster0 module is software-only.  Using SoftKeymasterDevice instead.
08-19 01:36:40.477  1528  1528 I SoftKeymaster: system/keymaster/soft_keymaster_device.cpp, Line 122: Creating device
08-19 01:36:40.477  1528  1528 D SoftKeymaster: system/keymaster/soft_keymaster_device.cpp, Line 123: Device address: 0x408e4180
08-19 01:36:40.477  1528  1528 I keystore: SELinux: Keystore SELinux is disabled.
08-19 01:36:40.526  1645  1645 I cm      : Welcome to Android 6.0.1 / LineageOS-13.0-20170717-UNOFFICIAL-kyleprods 
08-19 01:36:40.563  1605  1605 I octvm   : model:GT-S7582
08-19 01:36:40.563  1605  1605 I octvm   : total memory:735792
08-19 01:36:40.563  1605  1605 E octvm   : *** NO MCD CONFIG FILE DEFINED (persist.sys.mcd_config_file)
08-19 01:36:40.563  1605  1605 E octvm   : 
08-19 01:36:40.569  1655  1655 I sysinit : Running /system/etc/init.d/90userinit 
08-19 01:36:40.640  1479  1479 D         : gHwMemAllocator client 1
08-19 01:36:40.640  1479  1479 D         : gHwMemAllocator client 2
08-19 01:36:40.641  1479  1479 D libEGL  : loaded /system/lib/egl/libGLES_hawaii.so
08-19 01:36:40.747  1479  1479 D         : mem_init ++
08-19 01:36:40.747  1479  1479 D         : gHwMemAllocator client 3
08-19 01:36:40.747  1479  1479 D         : **** Using ION allocator ****
08-19 01:36:40.748  1479  1479 D         : registered SIGUSR1[10] for pid[1479]
08-19 01:36:40.748  1479  1479 D         : HwMemAllocatorImpl Static Counters 0 0
08-19 01:36:40.748  1479  1479 D         : HwMemAllocatorImpl[401e9dcc] totalDeviceAllocSize[0] totalFree[0] maxFree[0] in numSlabs[0]
08-19 01:36:40.784  1479  1479 D         : mem_init 401e9dcc--
08-19 01:36:40.784  1479  1479 E ION     : ION version mismatch. User(0x10000) Kernel(0x10001)
08-19 01:36:40.784  1479  1479 D ION     : config: version(0x10001) secure(0xf000) 256M(0x22d) fast(0x608) hwwr(0x608)
08-19 01:36:40.785  1479  1479 D MM_DEVICE: Waiting for mm thread to come up
08-19 01:36:40.785  1479  1676 D MM_DEVICE: mm_device_thread starting
08-19 01:36:40.817  1479  1479 I hawaii.hwcomposer: BRCM using (fd=15)
08-19 01:36:40.817  1479  1479 I hawaii.hwcomposer: id           = 
08-19 01:36:40.817  1479  1479 I hawaii.hwcomposer: xres         = 480 px
08-19 01:36:40.817  1479  1479 I hawaii.hwcomposer: yres         = 800 px
08-19 01:36:40.817  1479  1479 I hawaii.hwcomposer: xres_virtual = 480 px
08-19 01:36:40.817  1479  1479 I hawaii.hwcomposer: yres_virtual = 1600 px
08-19 01:36:40.817  1479  1479 I hawaii.hwcomposer: bpp          = 32
08-19 01:36:40.817  1479  1479 I hawaii.hwcomposer: r            = 16:8
08-19 01:36:40.817  1479  1479 I hawaii.hwcomposer: g            =  8:8
08-19 01:36:40.817  1479  1479 I hawaii.hwcomposer: b            =  0:8
08-19 01:36:40.817  1479  1479 I hawaii.hwcomposer: width        = 52 mm (234461.531250 dpi)
08-19 01:36:40.817  1479  1479 I hawaii.hwcomposer: height       = 87 mm (233563.218750 dpi)
08-19 01:36:40.817  1479  1479 I hawaii.hwcomposer: refresh rate = 60.00 Hz
08-19 01:36:40.817  1479  1479 I hawaii.hwcomposer: rotation = 0 
08-19 01:36:40.820  1479  1479 D         : gHwMemAllocator client 4
08-19 01:36:40.820  1479  1479 I SurfaceFlinger: Using composer version 1.2
08-19 01:36:40.820  1479  1686 D hawaii.hwcomposer: HWC Starting VSYNC thread
08-19 01:36:40.820  1479  1479 E hawaii.hwcomposer: hwc_query unknown request 6
08-19 01:36:40.820  1479  1686 D hawaii.hwcomposer: FBDevice::vsync called 0 times
08-19 01:36:40.820  1479  1479 E hawaii.hwcomposer: hwc_query unknown request 0
08-19 01:36:40.820  1479  1479 W SurfaceFlinger: no suitable EGLConfig found, trying a simpler query
08-19 01:36:40.821  1479  1479 I SurfaceFlinger: EGL information:
08-19 01:36:40.821  1479  1479 I SurfaceFlinger: vendor    : Android
08-19 01:36:40.821  1479  1479 I SurfaceFlinger: version   : 1.4 Android META-EGL
08-19 01:36:40.821  1479  1479 I SurfaceFlinger: extensions: EGL_KHR_get_all_proc_addresses EGL_ANDROID_presentation_time EGL_KHR_swap_buffers_with_damage EGL_KHR_image EGL_KHR_image_base EGL_KHR_image_pixmap EGL_KHR_lock_surface EGL_KHR_fence_sync EGL_ANDROID_image_native_buffer 
08-19 01:36:40.821  1479  1479 I SurfaceFlinger: Client API: OpenGL_ES
08-19 01:36:40.821  1479  1479 I SurfaceFlinger: EGLSurface: 8-8-8-8, config=0x12
08-19 01:36:40.825  1479  1479 D HAWAII_EGL: eglCreateContext() config: 18 context: 0x405c62e8, VC context 1, Thread 1479
08-19 01:36:40.827  1479  1479 D HAWAII_EGL: eglMakeCurrent(0x405c62e8, 0x405c6330, 0x405c6330) Thread: 1479
08-19 01:36:40.828  1479  1479 I SurfaceFlinger: OpenGL ES informations:
08-19 01:36:40.828  1479  1479 I SurfaceFlinger: vendor    : Broadcom
08-19 01:36:40.828  1479  1479 I SurfaceFlinger: renderer  : VideoCore IV HW
08-19 01:36:40.828  1479  1479 I SurfaceFlinger: version   : OpenGL ES 2.0
08-19 01:36:40.828  1479  1479 I SurfaceFlinger: extensions: GL_EXT_debug_marker GL_OES_compressed_ETC1_RGB8_texture GL_OES_compressed_paletted_texture GL_OES_texture_npot GL_OES_depth24 GL_OES_vertex_half_float GL_OES_EGL_image GL_OES_EGL_image_external GL_EXT_discard_framebuffer GL_OES_rgb8_rgba8 GL_OES_depth32 GL_OES_packed_depth_stencil GL_EXT_texture_format_BGRA8888 GL_APPLE_rgb_422 
08-19 01:36:40.828  1479  1479 I SurfaceFlinger: GL_MAX_TEXTURE_SIZE = 2048
08-19 01:36:40.828  1479  1479 I SurfaceFlinger: GL_MAX_VIEWPORT_DIMS = 2048
08-19 01:36:40.828  1479  1479 D HAWAII_EGL: eglMakeCurrent(NULL) Thread: 1479
08-19 01:36:40.828  1479  1479 E HAWAII_EGL: Destroying surface without window
08-19 01:36:40.828  1479  1479 D HAWAII_EGL: Set SWAP INTERVAL 0
08-19 01:36:40.829  1479  1479 E hawaii.gralloc: GRALLOC ALLOC flags 10001b22
08-19 01:36:40.839  1479  1479 D HAWAII_EGL: eglCreateWindowSurface() surface: 0x405c6948, VC surface: 2, Thread: 1479
08-19 01:36:40.840  1479  1479 D HAWAII_EGL: eglMakeCurrent(0x405c62e8, 0x405c6948, 0x405c6948) Thread: 1479
08-19 01:36:40.842  1479  1479 D SurfaceFlinger: Set power mode=2, type=0 flinger=0x405e4000
08-19 01:36:41.000  1479  1686 D hawaii.hwcomposer: FBDevice::vsync called 167 times
08-19 01:36:41.043  1479  1479 D SurfaceFlinger: SF. shader cache generated - 26 shaders in 163.139938 ms
08-19 01:36:41.049  1479  1479 E hawaii.gralloc: GRALLOC ALLOC flags 10001b22
08-19 01:36:41.061  1479  1479 D hawaii.hwcomposer: FBDevice::post called 0 times [0 0 0 0 0 0 0 0]
08-19 01:36:41.662  1689  1736 D         : gHwMemAllocator client 1
08-19 01:36:41.662  1689  1736 D         : gHwMemAllocator client 2
08-19 01:36:41.662  1689  1736 D libEGL  : loaded /system/lib/egl/libGLES_hawaii.so
08-19 01:36:41.722  1689  1736 D         : mem_init ++
08-19 01:36:41.722  1689  1736 D         : gHwMemAllocator client 3
08-19 01:36:41.722  1689  1736 D         : **** Using ION allocator ****
08-19 01:36:41.722  1689  1736 D         : registered SIGUSR1[10] for pid[1689]
08-19 01:36:41.722  1689  1736 D         : HwMemAllocatorImpl Static Counters 0 0
08-19 01:36:41.722  1689  1736 D         : HwMemAllocatorImpl[40413dcc] totalDeviceAllocSize[0] totalFree[0] maxFree[0] in numSlabs[0]
08-19 01:36:41.725  1689  1736 D         : mem_init 40413dcc--
08-19 01:36:41.725  1689  1736 E ION     : ION version mismatch. User(0x10000) Kernel(0x10001)
08-19 01:36:41.725  1689  1736 D ION     : config: version(0x10001) secure(0xf000) 256M(0x22d) fast(0x608) hwwr(0x608)
08-19 01:36:41.725  1689  1736 D MM_DEVICE: Waiting for mm thread to come up
08-19 01:36:41.727  1689  1736 D MM_DEVICE: Waiting for mm thread to come up
08-19 01:36:41.727  1689  1743 D MM_DEVICE: mm_device_thread starting
08-19 01:36:41.730  1689  1736 D HAWAII_EGL: Set SWAP INTERVAL 0
08-19 01:36:41.731  1479  1646 E hawaii.gralloc: GRALLOC ALLOC flags 10000b22
08-19 01:36:41.740  1689  1736 D HAWAII_EGL: eglCreateWindowSurface() surface: 0x40f020f0, VC surface: 1, Thread: 1736
08-19 01:36:41.741  1689  1736 D HAWAII_EGL: eglCreateContext() config: 10 context: 0x40f02270, VC context 1, Thread 1736
08-19 01:36:41.741  1689  1736 D HAWAII_EGL: eglMakeCurrent(0x40f02270, 0x40f020f0, 0x40f020f0) Thread: 1736
08-19 01:36:41.750  1689  1736 W BootAnimation: Unable to cache the animation
08-19 01:36:41.750  1689  1736 E BootAnimation: couldn't find audio_conf.txt
08-19 01:36:41.933  1525  1525 V MediaUtils: physMem: 753451008
08-19 01:36:41.933  1525  1525 V MediaUtils: requested limit: 489743150
08-19 01:36:41.933  1525  1525 V MediaUtils: actual limit: 489743150
08-19 01:36:41.933  1525  1525 V MediaUtils: original limits: 4294967295/4294967295
08-19 01:36:41.933  1525  1525 V MediaUtils: new limits: 489743150/4294967295
08-19 01:36:41.965  1525  1525 I mediaserver: ServiceManager: 0x4144e120
08-19 01:36:41.965  1525  1525 I AudioFlinger: Using default 3000 mSec as standby time.
08-19 01:36:41.966  1525  1525 E BatteryNotifier: batterystats service unavailable!
08-19 01:36:41.966  1525  1525 E BatteryNotifier: batterystats service unavailable!
08-19 01:36:41.969  1525  1525 I CameraService: CameraService started (pid=1525)
08-19 01:36:41.969  1525  1525 I CameraService: CameraService process starting
08-19 01:36:41.969  1525  1525 E BatteryNotifier: batterystats service unavailable!
08-19 01:36:41.969  1525  1525 E BatteryNotifier: batterystats service unavailable!
08-19 01:36:42.004  1479  1686 D hawaii.hwcomposer: FBDevice::vsync called 66 times
08-19 01:36:42.054  1525  1525 D         : gHwMemAllocator client 1
08-19 01:36:42.054  1525  1525 D         : gHwMemAllocator client 2
08-19 01:36:42.066  1525  1525 I V4L2CameraDevice: checkSupportedCameras(): detected 2 v4l2 cameras
08-19 01:36:42.066  1525  1525 I CameraHAL: init_camera_info(): detected 2 v4l2 cameras
08-19 01:36:42.066  1525  1525 D V4L2CameraDevice: static int android::V4L2CameraDevice::checkOrientation(int)(), nOrientation=90
08-19 01:36:42.067  1525  1525 I CameraHAL: init_camera_info(): camera0 orientation=90 facing=0
08-19 01:36:42.067  1525  1525 D V4L2CameraDevice: static int android::V4L2CameraDevice::checkOrientation(int)(), nOrientation=270
08-19 01:36:42.068  1525  1525 I CameraHAL: init_camera_info(): camera1 orientation=270 facing=1
08-19 01:36:42.068  1525  1525 I CameraHAL: get_number_of_cameras(): reports 2 cameras
08-19 01:36:42.068  1525  1525 I CameraService: Loaded "Broadcom CameraHal Module" camera module
08-19 01:36:42.068  1525  1525 I CameraHAL: get_number_of_cameras(): reports 2 cameras
08-19 01:36:42.068  1525  1525 I CameraHAL: get_number_of_cameras(): reports 2 cameras
08-19 01:36:42.068  1525  1525 I CameraFlashlight: Opening camera 0
08-19 01:36:42.068  1525  1525 I CameraHAL: get_number_of_cameras(): reports 2 cameras
08-19 01:36:42.068  1525  1525 I CameraHAL: get_camera_info(): camera0 set to orient=90 facing=0
08-19 01:36:42.068  1525  1525 I CameraHAL: +device_open(module=0x40b98060, name=0, device=0x414569c4)
08-19 01:36:42.068  1525  1525 I CameraHAL: get_number_of_cameras(): reports 2 cameras
08-19 01:36:42.068  1525  1525 D CameraHAL: cameraid=0 num_cameras=2
08-20 01:36:37.412  1452  1452 W auditd  : type=2000 audit(0.0:1): initialized
08-19 01:36:42.146  1479  1646 E hawaii.gralloc: GRALLOC ALLOC flags 10000b22
08-19 01:36:42.149  1479  1479 E HAWAII_EGL: abuffer = (480 800) (10000b22)
08-19 01:36:42.155  1479  1479 D hawaii.hwcomposer: FBDevice::post called 2 times [1 0 0 0 0 0 0 0]
08-19 01:36:42.233  1525  1525 I V4L2CameraDevice: Name of input channel[0] is camdrv_ss
08-19 01:36:42.233  1525  1525 I V4L2CameraDevice: Initialize(): mReportedOrientation = 90, mCameraOrientation = 90
08-19 01:36:42.233  1525  1525 E V4L2CameraDevice: unsupported pixel format JPEG
08-19 01:36:42.233  1525  1525 I V4L2CameraDevice: Sensor does not support JPEG capture.
08-19 01:36:42.233  1525  1525 I V4L2CameraDevice: Initialize(): thumbnail not supported
08-19 01:36:42.233  1525  1525 I V4L2CameraDevice: Initialize(): successfully initialized /dev/video0 ...
08-19 01:36:42.233  1525  1525 D         : gHwMemAllocator client 3
08-19 01:36:42.233  1525  1525 I CameraHAL: initDefaultParameters(): camera device supports 640x480,1024x768,1280x960,176x144,288x352,320x240,352x288,640x360,640x384,720x480,800x480,1280x720 preview sizes
08-19 01:36:42.233  1525  1525 I V4L2CameraParameters: queryPictureSize(): checking if sensor supports jpeg capture
08-19 01:36:42.233  1525  1525 E V4L2CameraParameters: ISP UNKNOWN FORMAT
08-19 01:36:42.234  1525  1525 E V4L2CameraParameters: ISP UNKNOWN FORMAT
08-19 01:36:42.234  1525  1525 I V4L2CameraParameters: queryPictureSize(): jpeg capture not supported instead it will do raw capture
08-19 01:36:42.234  1525  1525 I CameraHAL: initDefaultParameters(): camera device supports 640x480,1024x768,1280x960,2560x1920,144x176,176x144,192x256,240x352,256x192,288x352,320x240,352x240,352x288,480x320,640x384,720x480,800x480,960x720,1280x720,1600x960,1600x1200,2048x1152,2048x1232,2560x1536,2048x1536 picture sizes
08-19 01:36:42.234  1525  1525 I CameraHAL: initDefaultParameters(): hardware thumbnail not supported, using software
08-19 01:36:42.234  1525  1525 I V4L2CameraParameters: ctrl:Framerate control supported
08-19 01:36:42.234  1525  1525 I CameraHAL: initDefaultParameters():camera device supports (5000,10000),(5000,15000),(16000,25000),(4000,30000),(16000,30000) frame range(default=4000,30000)
08-19 01:36:42.234  1525  1525 I V4L2CameraParameters: ctrl:Framerate control supported
08-19 01:36:42.234  1525  1525 I CameraHAL: initDefaultParameters():camera device supports 10,15,25,30 frame rates(default=30)
08-19 01:36:42.234  1525  1525 I V4L2CameraParameters: ctrl:Whilte Balance supported
08-19 01:36:42.234  1525  1525 I CameraHAL: initDefaultParameters(): camera device supports auto,cloudy-daylight,fluorescent,daylight,incandescent modes
08-19 01:36:42.234  1525  1525 I V4L2CameraParameters: ctrl:Brightness supported
08-19 01:36:42.234  1525  1525 I CameraHAL: initDefaultParameters(): camera device supports -4~4,1 exposure modes
08-19 01:36:42.234  1525  1525 I V4L2CameraParameters: ctrl:Color Effects supported and is currently set to 1, maximum=78
08-19 01:36:42.234  1525  1525 I CameraHAL: initDefaultParameters(): camera device supports none,mono,sepia,negative color effects
08-19 01:36:42.234  1525  1525 I V4L2CameraParameters: ctrl:Scene Mode supported and is currently set to 1, maximum=32766
08-19 01:36:42.234  1525  1525 I CameraHAL: initDefaultParameters(): camera device supports auto,portrait,night,back-light,landscape,sports,party,beach,snow,sunset,dusk-dawn,fall-color,fireworks,text,candlelight scene modes
08-19 01:36:42.234  1525  1525 I V4L2CameraParameters: ctrl:Anti Banding supported and is currently set to 1
08-19 01:36:42.234  1525  1525 I CameraHAL: initDefaultParameters(): camera device supports auto,50hz,60hz,off antibanding modes
08-19 01:36:42.234  1525  1525 I V4L2CameraParameters: ctrl:Focus supported
08-19 01:36:42.235  1525  1525 I CameraHAL: initDefaultParameters(): camera device supports auto,macro,infinity focus modes
08-19 01:36:42.235  1525  1525 I V4L2CameraParameters: ctrl:Flash supported
08-19 01:36:42.235  1525  1525 I CameraHAL: initDefaultParameters(): camera device supports off,auto,on,torch flash modes
08-19 01:36:42.235  1525  1525 I V4L2CameraParameters: queryZoomStages(): checking if sensor supports zoom
08-19 01:36:42.235  1525  1525 I V4L2CameraParameters: queryZoomStages(): checking if sensor supports zoom
08-19 01:36:42.235  1525  1525 I V4L2CameraParameters: ctrl:AEAWUNLOCK supported and defaultly currently set to 1
08-19 01:36:42.235  1525  1525 I V4L2CameraParameters: queryAEAWBLockUnLock: aelock_awblock supported
08-19 01:36:42.235  1525  1525 I CameraHAL: initDefaultParameters(): camera device supports AE/AWB lock
08-19 01:36:42.235  1525  1525 I V4L2CameraParameters: ctrl:Touchfocus areas supported and is currently set to 1
08-19 01:36:42.235  1525  1525 I V4L2CameraParameters: ctrl:ISO supported and is currently set to 1
08-19 01:36:42.235  1525  1525 I CameraHAL: initDefaultParameters(): camera device supports auto,50,100,200,400,800,1200,1600,2400,3200,sports,night,movie iso modes
08-19 01:36:42.235  1525  1525 I V4L2CameraParameters: ctrl:Metering supported and is currently set to 2
08-19 01:36:42.235  1525  1525 I CameraHAL: initDefaultParameters(): camera device supports matrix,center,spot metering modes
08-19 01:36:42.235  1525  1525 I V4L2CameraParameters: ctrl:WDR supported and is currently set to 1
08-19 01:36:42.235  1525  1525 I CameraHAL: initDefaultParameters(): camera device supports wdr mode
08-19 01:36:42.235  1525  1525 I CameraHAL: initDefaultParameters(): camera device doesnot support antishake mode
08-19 01:36:42.235  1525  1525 I CameraHAL: initDefaultParameters(): camera device doesnot support beauty shot
08-19 01:36:42.235  1525  1525 I CameraHAL: initDefaultParameters(): camera device doesnot support blur levels
08-19 01:36:42.235  1525  1525 I CameraHAL: initDefaultParameters(): camera device doesnot support firmware mode
08-19 01:36:42.235  1525  1525 I V4L2CameraParameters: ctrl:Check Dataline supported and is currently set to 0
08-19 01:36:42.235  1525  1525 I CameraHAL: initDefaultParameters(): camera device supports dtp mode
08-19 01:36:42.235  1525  1525 I V4L2CameraParameters: ctrl:Vtmode supported and is currently set to 1
08-19 01:36:42.235  1525  1525 I CameraHAL: initDefaultParameters(): camera device supports vt mode
08-19 01:36:42.235  1525  1525 I V4L2CameraParameters: ctrl:Cam mode supported and is currently set to 1
08-19 01:36:42.235  1525  1525 I CameraHAL: initDefaultParameters(): camera device supports movie mode
08-19 01:36:42.236  1525  1525 E CameraHAL: -device_open(rc=0)
08-19 01:36:42.237  1525  1525 I V4L2CameraDevice: setPreviewWindow(): current: 0x0 -> new: 0x414569d0
08-19 01:36:42.238  1525  1525 I CameraHAL: verifyParameters(KEY_EXPOSURE_COMPENSATION): 0
08-19 01:36:42.238  1525  1525 I CameraHAL: verifyParameters(): Foucs Area ---
08-19 01:36:42.238  1525  1525 I CameraHAL: verifyParameters(): max_focus_areas = 1
08-19 01:36:42.238  1525  1525 I CameraHAL: verifyParameters(): focus area=(0, 0, 1, 1, 1)
08-19 01:36:42.238  1525  1525 I CameraHAL: verifyParameters(): focus area passed !!
08-19 01:36:42.238  1525  1525 W CameraHAL: stopPreview(): camera device is not streaming
08-19 01:36:42.238  1525  1525 I V4L2CameraDevice: setPreviewWindow(): current: 0x414569d0 -> new: 0x0
08-19 01:36:42.238  1525  1525 I CameraFlashlight: Destroying camera 0
08-19 01:36:42.238  1525  1525 W BrcmAbstractCameraDevice: stopDeliveringFrames: Device is not started
08-19 01:36:42.238  1525  1525 E V4L2CameraDevice: ERR(int v4l2_streamoff(int)):VIDIOC_STREAMOFF failed
08-19 01:36:42.238  1525  1525 E V4L2CameraDevice: stopDeliveringFrames(): failed to stop streaming
08-19 01:36:42.238  1525  1525 W CameraHAL: closeCamera(): error while stoping streaming
08-19 01:36:42.238  1525  1525 W V4L2CameraDevice: stopDevice():camera device is not started.
08-19 01:36:42.238  1525  1525 I CameraHAL: +closeCamera and cancelAutoFocus()
08-19 01:36:42.238  1525  1525 I V4L2CameraParameters: Canceled auto focus success 
08-19 01:36:42.239  1525  1779 I CallbackNotifier: inNotifierThread(): Received exit command, exiting notifier thread
08-19 01:36:42.254  1479  1646 E hawaii.gralloc: GRALLOC ALLOC flags 10000b22
08-19 01:36:42.255  1479  1479 E HAWAII_EGL: abuffer = (480 800) (10000b22)
08-19 01:36:42.526  1479  1479 E HAWAII_EGL: abuffer = (480 800) (10000b22)
08-19 01:36:42.944  1525  1525 E CallbackNotifier: putMsg(): invalid thread control fd
08-19 01:36:42.944  1525  1525 E CallbackNotifier: stopThread(): failed to stop notifier thread
08-19 01:36:42.945  1525  1525 I CameraFlashlight: Opening camera 1
08-19 01:36:42.945  1525  1525 I CameraHAL: get_number_of_cameras(): reports 2 cameras
08-19 01:36:42.945  1525  1525 I CameraHAL: get_camera_info(): camera1 set to orient=270 facing=1
08-19 01:36:42.945  1525  1525 I CameraHAL: +device_open(module=0x40b98060, name=1, device=0x41456a24)
08-19 01:36:42.945  1525  1525 I CameraHAL: get_number_of_cameras(): reports 2 cameras
08-19 01:36:42.945  1525  1525 D CameraHAL: cameraid=1 num_cameras=2
08-19 01:36:43.004  1479  1686 D hawaii.hwcomposer: FBDevice::vsync called 64 times
08-19 01:36:43.094  1547  1547 I shelld  : ServiceManager: 0x423bd9a0
08-19 01:36:43.102  1534  1534 E         : StartMulticlient:
08-19 01:36:43.102  1534  1534 E         : StartMulticlient() START
08-19 01:36:43.104  1534  1887 E         : [TID] MulticlientLoop(1887)
08-19 01:36:43.104  1534  1887 E         : MulticlientLoop start...
08-19 01:36:43.104  1534  1887 E         : set_multiclient_max_fd:
08-19 01:36:43.104  1534  1887 E         : set_multiclient_max_fd: maxfd=14
08-19 01:36:43.104  1534  1887 E         : set_multiclient_fd_set:
08-19 01:36:43.212  1525  1525 I V4L2CameraDevice: Name of input channel[0] is camdrv_ss_sub
08-19 01:36:43.212  1525  1525 I V4L2CameraDevice: Initialize(): mReportedOrientation = 270, mCameraOrientation = 270
08-19 01:36:43.212  1525  1525 E V4L2CameraDevice: unsupported pixel format JPEG
08-19 01:36:43.212  1525  1525 I V4L2CameraDevice: Sensor does not support JPEG capture.
08-19 01:36:43.212  1525  1525 I V4L2CameraDevice: Initialize(): thumbnail not supported
08-19 01:36:43.212  1525  1525 I V4L2CameraDevice: Initialize(): successfully initialized /dev/video1 ...
08-19 01:36:43.212  1525  1525 D         : gHwMemAllocator client 4
08-19 01:36:43.212  1525  1525 I CameraHAL: initDefaultParameters(): camera device supports 640x480,176x144,288x352,320x240,352x288,640x360,640x384 preview sizes
08-19 01:36:43.213  1525  1525 I V4L2CameraParameters: queryPictureSize(): checking if sensor supports jpeg capture
08-19 01:36:43.213  1525  1525 E V4L2CameraParameters: ISP UNKNOWN FORMAT
08-19 01:36:43.213  1525  1525 E V4L2CameraParameters: ISP UNKNOWN FORMAT
08-19 01:36:43.213  1525  1525 I V4L2CameraParameters: queryPictureSize(): jpeg capture not supported instead it will do raw capture
08-19 01:36:43.213  1525  1525 I CameraHAL: initDefaultParameters(): camera device supports 640x480,144x176,176x144,192x256,240x352,256x192,288x352,320x240,352x240,352x288,480x320,640x384 picture sizes
08-19 01:36:43.213  1525  1525 I CameraHAL: initDefaultParameters(): hardware thumbnail not supported, using software
08-19 01:36:43.213  1525  1525 I V4L2CameraParameters: ctrl:Framerate control supported
08-19 01:36:43.213  1525  1525 I CameraHAL: initDefaultParameters():camera device supports (5000,10000),(5000,15000),(16000,25000),(4000,30000),(16000,30000) frame range(default=4000,30000)
08-19 01:36:43.213  1525  1525 I V4L2CameraParameters: ctrl:Framerate control supported
08-19 01:36:43.213  1525  1525 I CameraHAL: initDefaultParameters():camera device supports 10,15,25,30 frame rates(default=30)
08-19 01:36:43.213  1525  1525 I V4L2CameraParameters: ctrl:Whilte Balance supported
08-19 01:36:43.213  1525  1525 I CameraHAL: initDefaultParameters(): camera device supports auto,cloudy-daylight,fluorescent,daylight,incandescent modes
08-19 01:36:43.213  1525  1525 I V4L2CameraParameters: ctrl:Brightness supported
08-19 01:36:43.213  1525  1525 I CameraHAL: initDefaultParameters(): camera device supports -4~4,1 exposure modes
08-19 01:36:43.213  1525  1525 I V4L2CameraParameters: ctrl:Color Effects supported and is currently set to 1, maximum=78
08-19 01:36:43.213  1525  1525 I CameraHAL: initDefaultParameters(): camera device supports none,mono,sepia,negative color effects
08-19 01:36:43.214  1525  1525 I V4L2CameraParameters: ctrl:Scene Mode supported and is currently set to 1, maximum=2
08-19 01:36:43.214  1525  1525 I CameraHAL: initDefaultParameters(): camera device supports auto scene modes
08-19 01:36:43.214  1525  1525 I V4L2CameraParameters: ctrl:Anti Banding supported and is currently set to 1
08-19 01:36:43.214  1525  1525 I CameraHAL: initDefaultParameters(): camera device supports auto,50hz,60hz,off antibanding modes
08-19 01:36:43.214  1525  1525 I V4L2CameraParameters: ctrl:Focus supported
08-19 01:36:43.214  1525  1525 I CameraHAL: initDefaultParameters(): camera device supports infinity focus modes
08-19 01:36:43.214  1525  1525 I V4L2CameraParameters: ctrl:Flash supported
08-19 01:36:43.214  1525  1525 I CameraHAL: initDefaultParameters(): camera device supports off flash modes
08-19 01:36:43.214  1525  1525 I V4L2CameraParameters: queryZoomStages(): checking if sensor supports zoom
08-19 01:36:43.214  1525  1525 I V4L2CameraParameters: queryZoomStages(): checking if sensor supports zoom
08-19 01:36:43.216  1534  1534 D BrcmGpsRildIpc: BrcmLbsRilAsn1_init OsHandle(41657000)
08-19 01:36:43.216  1534  1534 D BrcmGpsRildIpc: BrcmLbsRilCntin_init OsHandle(41657000)
08-19 01:36:43.216  1534  1534 D BrcmGpsRildIpc: BrcmLbsRilSupl_init
08-19 01:36:43.214  1525  1525 I CameraHAL: initDefaultParameters(): camera device doesnot support AE/AWB lock
08-19 01:36:43.217  1525  1525 I CameraHAL: initDefaultParameters(): camera device doesnot support iso
08-19 01:36:43.217  1525  1525 I V4L2CameraParameters: ctrl:Metering supported and is currently set to 2
08-19 01:36:43.217  1525  1525 I CameraHAL: initDefaultParameters(): camera device supports matrix,center,spot metering modes
08-19 01:36:43.218  1525  1525 I CameraHAL: initDefaultParameters(): camera device doesnot support wdr mode
08-19 01:36:43.218  1525  1525 I CameraHAL: initDefaultParameters(): camera device doesnot support antishake mode
08-19 01:36:43.218  1525  1525 I CameraHAL: initDefaultParameters(): camera device doesnot support beauty shot
08-19 01:36:43.218  1525  1525 I CameraHAL: initDefaultParameters(): camera device doesnot support blur levels
08-19 01:36:43.218  1525  1525 I CameraHAL: initDefaultParameters(): camera device doesnot support firmware mode
08-19 01:36:43.218  1525  1525 I CameraHAL: initDefaultParamters(): camera device doesnot support dtp mode
08-19 01:36:43.218  1525  1525 I V4L2CameraParameters: ctrl:Vtmode supported and is currently set to 1
08-19 01:36:43.218  1525  1525 I CameraHAL: initDefaultParameters(): camera device supports vt mode
08-19 01:36:43.218  1525  1525 I V4L2CameraParameters: ctrl:Cam mode supported and is currently set to 1
08-19 01:36:43.218  1525  1525 I CameraHAL: initDefaultParameters(): camera device supports movie mode
08-19 01:36:43.218  1525  1525 E CameraHAL: -device_open(rc=0)
08-19 01:36:43.219  1525  1525 I V4L2CameraDevice: setPreviewWindow(): current: 0x0 -> new: 0x41456a30
08-19 01:36:43.223  1525  1525 I CameraHAL: verifyParameters(KEY_EXPOSURE_COMPENSATION): 0
08-19 01:36:43.223  1525  1525 I CameraHAL: verifyParameters(): Foucs Area ---
08-19 01:36:43.223  1525  1525 I CameraHAL: verifyParameters(): max_focus_areas = 0
08-19 01:36:43.223  1525  1525 W CameraHAL: verifyParameters(KEY_FOCUS_AREAS):[WARNING]camera does not support focus areas(=0), ignore APP's focus areas(=(0,0,1,1,1)) here
08-19 01:36:43.223  1525  1525 W CameraHAL: stopPreview(): camera device is not streaming
08-19 01:36:43.224  1525  1525 I V4L2CameraDevice: setPreviewWindow(): current: 0x41456a30 -> new: 0x0
08-19 01:36:43.224  1525  1525 I CameraFlashlight: Destroying camera 1
08-19 01:36:43.224  1525  1525 W BrcmAbstractCameraDevice: stopDeliveringFrames: Device is not started
08-19 01:36:43.224  1525  1525 E V4L2CameraDevice: ERR(int v4l2_streamoff(int)):VIDIOC_STREAMOFF failed
08-19 01:36:43.224  1525  1525 E V4L2CameraDevice: stopDeliveringFrames(): failed to stop streaming
08-19 01:36:43.224  1525  1525 W CameraHAL: closeCamera(): error while stoping streaming
08-19 01:36:43.224  1525  1525 W V4L2CameraDevice: stopDevice():camera device is not started.
08-19 01:36:43.224  1525  1525 I CameraHAL: +closeCamera and cancelAutoFocus()
08-19 01:36:43.545  1525  1525 E CallbackNotifier: putMsg(): invalid thread control fd
08-19 01:36:43.545  1525  1525 E CallbackNotifier: stopThread(): failed to stop notifier thread
08-19 01:36:43.546  1525  1525 I CameraHAL: get_number_of_cameras(): reports 2 cameras
08-19 01:36:43.546  1525  1525 I CameraHAL: get_camera_info(): camera0 set to orient=90 facing=0
08-19 01:36:43.546  1525  1525 I CameraHAL: get_number_of_cameras(): reports 2 cameras
08-19 01:36:43.546  1525  1525 I CameraHAL: get_camera_info(): camera1 set to orient=270 facing=1
08-19 01:36:43.546  1525  1525 I ServiceManager: Waiting for service media.camera.proxy...
08-19 01:36:43.657  1541  1541 D AndroidRuntime: >>>>>> START com.android.internal.os.ZygoteInit uid 0 <<<<<<
08-19 01:36:43.731  1541  1541 D AndroidRuntime: CheckJNI is OFF
08-19 01:36:43.750  1541  1541 I art     : option[0]=-Xzygote
08-19 01:36:43.750  1541  1541 I art     : option[1]=-Xstacktracefile:/data/anr/traces.txt
08-19 01:36:43.750  1541  1541 I art     : option[2]=exit
08-19 01:36:43.750  1541  1541 I art     : option[3]=vfprintf
08-19 01:36:43.750  1541  1541 I art     : option[4]=sensitiveThread
08-19 01:36:43.750  1541  1541 I art     : option[5]=-verbose:gc
08-19 01:36:43.750  1541  1541 I art     : option[6]=-Xms8m
08-19 01:36:43.750  1541  1541 I art     : option[7]=-Xmx256m
08-19 01:36:43.750  1541  1541 I art     : option[8]=-XX:HeapGrowthLimit=96m
08-19 01:36:43.750  1541  1541 I art     : option[9]=-XX:HeapMinFree=2m
08-19 01:36:43.750  1541  1541 I art     : option[10]=-XX:HeapMaxFree=8m
08-19 01:36:43.750  1541  1541 I art     : option[11]=-XX:HeapTargetUtilization=0.75
08-19 01:36:43.750  1541  1541 I art     : option[12]=-agentlib:jdwp=transport=dt_android_adb,suspend=n,server=y
08-19 01:36:43.750  1541  1541 I art     : option[13]=-Xlockprofthreshold:500
08-19 01:36:43.750  1541  1541 I art     : option[14]=-Ximage-compiler-option
08-19 01:36:43.750  1541  1541 I art     : option[15]=--runtime-arg
08-19 01:36:43.750  1541  1541 I art     : option[16]=-Ximage-compiler-option
08-19 01:36:43.750  1541  1541 I art     : option[17]=-Xms64m
08-19 01:36:43.750  1541  1541 I art     : option[18]=-Ximage-compiler-option
08-19 01:36:43.750  1541  1541 I art     : option[19]=--runtime-arg
08-19 01:36:43.750  1541  1541 I art     : option[20]=-Ximage-compiler-option
08-19 01:36:43.750  1541  1541 I art     : option[21]=-Xmx64m
08-19 01:36:43.750  1541  1541 I art     : option[22]=-Ximage-compiler-option
08-19 01:36:43.750  1541  1541 I art     : option[23]=--image-classes=/system/etc/preloaded-classes
08-19 01:36:43.750  1541  1541 I art     : option[24]=-Xcompiler-option
08-19 01:36:43.750  1541  1541 I art     : option[25]=--runtime-arg
08-19 01:36:43.750  1541  1541 I art     : option[26]=-Xcompiler-option
08-19 01:36:43.750  1541  1541 I art     : option[27]=-Xms64m
08-19 01:36:43.751  1541  1541 I art     : option[28]=-Xcompiler-option
08-19 01:36:43.751  1541  1541 I art     : option[29]=--runtime-arg
08-19 01:36:43.751  1541  1541 I art     : option[30]=-Xcompiler-option
08-19 01:36:43.751  1541  1541 I art     : option[31]=-Xmx512m
08-19 01:36:43.751  1541  1541 I art     : option[32]=-Ximage-compiler-option
08-19 01:36:43.751  1541  1541 I art     : option[33]=--instruction-set-variant=cortex-a9
08-19 01:36:43.751  1541  1541 I art     : option[34]=-Xcompiler-option
08-19 01:36:43.751  1541  1541 I art     : option[35]=--instruction-set-variant=cortex-a9
08-19 01:36:43.751  1541  1541 I art     : option[36]=-Ximage-compiler-option
08-19 01:36:43.751  1541  1541 I art     : option[37]=--instruction-set-features=default
08-19 01:36:43.751  1541  1541 I art     : option[38]=-Xcompiler-option
08-19 01:36:43.751  1541  1541 I art     : option[39]=--instruction-set-features=default
08-19 01:36:43.751  1541  1541 I art     : option[40]=-Duser.locale=en-US
08-19 01:36:43.751  1541  1541 I art     : option[41]=--cpu-abilist=armeabi-v7a,armeabi
08-19 01:36:43.751  1541  1541 I art     : option[42]=-Xfingerprint:samsung/lineage_kyleprods/kyleprods:6.0.1/MOB31T/3b4c4c0809:userdebug/release-keys
08-19 01:36:43.980  1479  1479 D hawaii.hwcomposer: FBDevice::post called 5 times [5 0 0 0 0 0 0 0]
08-19 01:36:44.004  1479  1686 D hawaii.hwcomposer: FBDevice::vsync called 66 times
08-19 01:36:44.183  1479  1479 D hawaii.hwcomposer: FBDevice::post called 1 times [1 0 0 0 0 0 0 0]
08-19 01:36:44.501  1541  1541 D ICU     : No timezone override file found: /data/misc/zoneinfo/current/icu/icu_tzdata.dat
08-19 01:36:44.547  1525  1525 I ServiceManager: Waiting for service media.camera.proxy...
08-19 01:36:45.012  1479  1686 D hawaii.hwcomposer: FBDevice::vsync called 66 times
08-19 01:36:45.131  1541  1541 E memtrack: Couldn't load memtrack module (No such file or directory)
08-19 01:36:45.131  1541  1541 E android.os.Debug: failed to load memtrack module: -2
08-19 01:36:45.175  1541  1541 I Radio-JNI: register_android_hardware_Radio DONE
08-19 01:36:45.225  1541  1541 I SamplingProfilerIntegration: Profiling disabled.
08-19 01:36:45.309  1541  1541 I         : ARTPROXY OFFSET: method_entry_offset = 36
08-19 01:36:45.309  1541  1541 I         : ARTPROXY OFFSET: method_interpreter_entry_offset = 28
08-19 01:36:45.309  1541  1541 I         : ARTPROXY OFFSET: managed_stack_size = 12
08-19 01:36:45.309  1541  1541 I         : ARTPROXY OFFSET: thread_deliver_exception_entry_offset = 608
08-19 01:36:45.309  1541  1541 I         : ARTPROXY OFFSET: thread_exception_offset = 132
08-19 01:36:45.309  1541  1541 I         : ARTPROXY OFFSET: method_code_size_offset = 4
08-19 01:36:45.313  1541  1541 I ClassHook: initCoreHook
08-19 01:36:45.349  1541  1541 I ClassHook: android.accounts.AccountManagerResponseHook attachMethod onResult(Landroid/os/Bundle;)V
08-19 01:36:45.363  1541  1541 I ClassHook: android.app.ActivityHook attachMethod onResume()V
08-19 01:36:45.363  1541  1541 I ClassHook: android.app.ActivityThreadHook attachMethod handleBindApplication(Landroid/app/ActivityThread$AppBindData;)V
08-19 01:36:45.369  1541  1541 I ClassHook: android.app.ActivityThreadHook attachMethod handleTrimMemory(I)V
08-19 01:36:45.369  1541  1541 I ClassHook: android.app.ActivityThreadHook attachMethod main([Ljava/lang/String;)V
08-19 01:36:45.370  1541  1541 I ClassHook: android.app.AppOpsManagerHook attachMethod opAllowsReset(I)Z
08-19 01:36:45.397  1541  1541 I ClassHook: android.app.AppOpsManagerHook attachMethod opToDefaultMode(I)I
08-19 01:36:45.398  1541  1541 I ClassHook: android.app.AppOpsManagerHook attachMethod opToPermission(I)Ljava/lang/String;
08-19 01:36:45.398  1541  1541 I ClassHook: android.app.AppOpsManagerHook attachMethod opToRestriction(I)Ljava/lang/String;
08-19 01:36:45.398  1541  1541 I ClassHook: android.app.AppOpsManagerHook attachMethod opToSwitch(I)I
08-19 01:36:45.399  1541  1541 I ClassHook: android.app.ApplicationPackageManagerHook attachMethod getBadgeResIdForUser(I)I
08-19 01:36:45.400  1541  1541 I ClassHook: android.app.ApplicationPackageManagerHook attachMethod getResourcesForApplication(Landroid/content/pm/ApplicationInfo;)Landroid/content/res/Resources;
08-19 01:36:45.400  1541  1541 I ClassHook: android.app.ContextImplHook attachConstructor (Landroid/app/ContextImpl;Landroid/app/ActivityThread;Landroid/app/LoadedApk;Landroid/os/IBinder;Landroid/os/UserHandle;ZLandroid/view/Display;Landroid/content/res/Configuration;I)V
08-19 01:36:45.405  1541  1541 I ClassHook: android.app.LoadedApkHook attachMethod getResources(Landroid/app/ActivityThread;)Landroid/content/res/Resources;
08-19 01:36:45.412  1541  1541 I ClassHook: android.app.NotificationHook attachMethod cloneInto(Landroid/app/Notification;Z)V
08-19 01:36:45.418  1541  1541 I ClassHook: android.app.NotificationHook attachMethod writeToParcel(Landroid/os/Parcel;I)V
08-19 01:36:45.418  1541  1541 I ClassHook: android.app.NotificationHook attachConstructor ()V
08-19 01:36:45.418  1541  1541 I ClassHook: android.app.NotificationHook attachConstructor (ILjava/lang/CharSequence;J)V
08-19 01:36:45.418  1541  1541 I ClassHook: android.app.NotificationHook attachConstructor (Landroid/content/Context;ILjava/lang/CharSequence;JLjava/lang/CharSequence;Ljava/lang/CharSequence;Landroid/content/Intent;)V
08-19 01:36:45.419  1541  1541 I ClassHook: android.app.NotificationHook attachConstructor (Landroid/os/Parcel;)V
08-19 01:36:45.419  1541  1541 I ClassHook: android.app.ResourcesManagerHook attachMethod applyConfigurationToResourcesLocked(Landroid/content/res/Configuration;Landroid/content/res/CompatibilityInfo;)Z
08-19 01:36:45.419  1541  1541 I art     : Rejecting re-init on previously-failed class java.lang.Class<android.app.ResourcesManager>
08-19 01:36:45.420  1541  1541 I art     : Rejecting re-init on previously-failed class java.lang.Class<android.app.ResourcesManager>
08-19 01:36:45.420  1541  1541 E ArtMethodProxy-JNI: Couldn't get method Landroid/app/ResourcesManager;.applyConfigurationToResourcesLocked (Landroid/content/res/Configuration;Landroid/content/res/CompatibilityInfo;)Z
08-19 01:36:45.443  1541  1541 E ClassHook: Build proxy failed.
08-19 01:36:45.443  1541  1541 E ClassHook: java.lang.RuntimeException: Couldn't get method Landroid/app/ResourcesManager;.applyConfigurationToResourcesLocked(Landroid/content/res/Configuration;Landroid/content/res/CompatibilityInfo;)Z
08-19 01:36:45.443  1541  1541 E ClassHook: 	at com.miui.internal.util.ClassProxy.attachMethodNative(Native Method)
08-19 01:36:45.443  1541  1541 E ClassHook: 	at com.miui.internal.util.ClassProxy.attachMethod(SourceFile:184)
08-19 01:36:45.443  1541  1541 E ClassHook: 	at miui.patchrom.ClassHook.buildProxy(ClassHook.java:61)
08-19 01:36:45.443  1541  1541 E ClassHook: 	at java.lang.reflect.Method.invoke(Native Method)
08-19 01:36:45.443  1541  1541 E ClassHook: 	at miui.patchrom.ClassHook.initHook(ClassHook.java:116)
08-19 01:36:45.443  1541  1541 E ClassHook: 	at miui.patchrom.ClassHook.initCoreHook(ClassHook.java:93)
08-19 01:36:45.443  1541  1541 E ClassHook: 	at com.android.internal.os.ZygoteInit.main(ZygoteInit.java)
08-19 01:36:45.444  1541  1541 I ClassHook: android.content.ContentProviderHook attachMethod checkUser(IILandroid/content/Context;)Z
08-19 01:36:45.449  1541  1541 I ClassHook: android.content.IntentHook attachMethod readFromParcel(Landroid/os/Parcel;)V
08-19 01:36:45.454  1541  1541 I ClassHook: android.content.IntentHook attachMethod writeToParcel(Landroid/os/Parcel;I)V
08-19 01:36:45.455  1541  1541 I ClassHook: android.content.IntentHook attachConstructor (Landroid/content/Intent;)V
08-19 01:36:45.455  1541  1541 I ClassHook: android.content.IntentHook attachConstructor (Landroid/content/Intent;Z)V
08-19 01:36:45.456  1541  1541 I ClassHook: android.content.pm.PackageItemInfoHook attachMethod loadIcon(Landroid/content/pm/PackageManager;)Landroid/graphics/drawable/Drawable;
08-19 01:36:45.461  1541  1541 I ClassHook: android.content.pm.PackageManagerHook attachMethod buildRequestPermissionsIntent([Ljava/lang/String;)Landroid/content/Intent;
08-19 01:36:45.466  1541  1541 I ClassHook: android.content.res.AssetManagerHook attachConstructor ()V
08-19 01:36:45.471  1541  1541 I ClassHook: android.content.res.AssetManagerHook attachConstructor (Z)V
08-19 01:36:45.472  1541  1541 I ClassHook: android.content.res.ConfigurationHook attachMethod compareTo(Landroid/content/res/Configuration;)I
08-19 01:36:45.473  1541  1541 I ClassHook: android.content.res.ConfigurationHook attachMethod diff(Landroid/content/res/Configuration;)I
08-19 01:36:45.473  1541  1541 I ClassHook: android.content.res.ConfigurationHook attachMethod hashCode()I
08-19 01:36:45.473  1541  1541 I ClassHook: android.content.res.ConfigurationHook attachMethod needNewResources(II)Z
08-19 01:36:45.473  1541  1541 I ClassHook: android.content.res.ConfigurationHook attachMethod readFromParcel(Landroid/os/Parcel;)V
08-19 01:36:45.474  1541  1541 I ClassHook: android.content.res.ConfigurationHook attachMethod setTo(Landroid/content/res/Configuration;)V
08-19 01:36:45.474  1541  1541 I ClassHook: android.content.res.ConfigurationHook attachMethod setToDefaults()V
08-19 01:36:45.474  1541  1541 I ClassHook: android.content.res.ConfigurationHook attachMethod toString()Ljava/lang/String;
08-19 01:36:45.474  1541  1541 I ClassHook: android.content.res.ConfigurationHook attachMethod updateFrom(Landroid/content/res/Configuration;)I
08-19 01:36:45.474  1541  1541 I ClassHook: android.content.res.ConfigurationHook attachMethod writeToParcel(Landroid/os/Parcel;I)V
08-19 01:36:45.475  1541  1541 I ClassHook: android.content.res.ResourcesHook attachMethod calcConfigChanges(Landroid/content/res/Configuration;)I
08-19 01:36:45.475  1541  1541 I ClassHook: android.content.res.ResourcesHook attachMethod getSystem()Landroid/content/res/Resources;
08-19 01:36:45.476  1541  1541 I ClassHook: android.content.res.ResourcesHook attachMethod loadDrawableForCookie(Landroid/util/TypedValue;ILandroid/content/res/Resources$Theme;)Landroid/graphics/drawable/Drawable;
08-19 01:36:45.476  1541  1541 I ClassHook: android.content.res.ResourcesHook attachMethod obtainAttributes(Landroid/util/AttributeSet;[I)Landroid/content/res/TypedArray;
08-19 01:36:45.481  1541  1541 I ClassHook: android.content.res.ResourcesHook attachMethod obtainTypedArray(I)Landroid/content/res/TypedArray;
08-19 01:36:45.482  1541  1541 I ClassHook: android.content.res.ResourcesHook attachConstructor ()V
08-19 01:36:45.483  1541  1541 I ClassHook: android.content.res.ResourcesThemeHook attachMethod obtainStyledAttributes(I[I)Landroid/content/res/TypedArray;
08-19 01:36:45.484  1541  1541 I ClassHook: android.content.res.ResourcesThemeHook attachMethod obtainStyledAttributes(Landroid/util/AttributeSet;[III)Landroid/content/res/TypedArray;
08-19 01:36:45.484  1541  1541 I ClassHook: android.content.res.ResourcesThemeHook attachMethod obtainStyledAttributes([I)Landroid/content/res/TypedArray;
08-19 01:36:45.484  1541  1541 I ClassHook: android.content.res.ResourcesThemeHook attachMethod resolveAttribute(ILandroid/util/TypedValue;Z)Z
08-19 01:36:45.485  1541  1541 I ClassHook: android.content.res.TypedArrayHook attachMethod obtain(Landroid/content/res/Resources;I)Landroid/content/res/TypedArray;
08-19 01:36:45.486  1541  1541 I ClassHook: android.media.AudioManagerHook attachMethod getStreamVolume(I)I
08-19 01:36:45.507  1541  1541 I ClassHook: android.media.MediaMetadataEditorHook attachMethod getString(ILjava/lang/String;)Ljava/lang/String;
08-19 01:36:45.521  1541  1541 I ClassHook: android.media.MediaMetadataEditorHook attachMethod putString(ILjava/lang/String;)Landroid/media/MediaMetadataEditor;
08-19 01:36:45.522  1541  1541 I ClassHook: android.media.MediaMetadataHook attachMethod getKeyFromMetadataEditorKey(I)Ljava/lang/String;
08-19 01:36:45.537  1541  1541 I ClassHook: android.media.MediaPlayerHook attachMethod start()V
08-19 01:36:45.547  1525  1525 I ServiceManager: Waiting for service media.camera.proxy...
08-19 01:36:45.583  1541  1541 I art     : Thread[1,tid=1541,Native,Thread*=0x42576500,peer=0x12c45100,"main"] recursive attempt to load library "/system/lib/libmedia_jni.so"
08-19 01:36:45.583  1541  1541 D MtpDeviceJNI: register_android_mtp_MtpDevice
08-19 01:36:45.584  1541  1541 I art     : Thread[1,tid=1541,Native,Thread*=0x42576500,peer=0x12c45100,"main"] recursive attempt to load library "/system/lib/libmedia_jni.so"
08-19 01:36:45.584  1541  1541 I art     : Thread[1,tid=1541,Native,Thread*=0x42576500,peer=0x12c45100,"main"] recursive attempt to load library "/system/lib/libmedia_jni.so"
08-19 01:36:45.586  1541  1541 I ClassHook: android.media.MediaScannerMyMediaScannerClientHook attachMethod setMimeType(Ljava/lang/String;)V
08-19 01:36:45.587  1541  1541 E ClassHook: Build proxy failed.
08-19 01:36:45.587  1541  1541 E ClassHook: java.lang.RuntimeException: Couldn't get method Landroid/media/MediaScannerMyMediaScannerClientHook;.originalSetMimeType(JLjava/lang/Object;Ljava/lang/String;)V
08-19 01:36:45.587  1541  1541 E ClassHook: 	at com.miui.internal.util.ClassProxy.attachMethodNative(Native Method)
08-19 01:36:45.587  1541  1541 E ClassHook: 	at com.miui.internal.util.ClassProxy.attachMethod(SourceFile:184)
08-19 01:36:45.587  1541  1541 E ClassHook: 	at miui.patchrom.ClassHook.buildProxy(ClassHook.java:61)
08-19 01:36:45.587  1541  1541 E ClassHook: 	at java.lang.reflect.Method.invoke(Native Method)
08-19 01:36:45.587  1541  1541 E ClassHook: 	at miui.patchrom.ClassHook.initHook(ClassHook.java:116)
08-19 01:36:45.587  1541  1541 E ClassHook: 	at miui.patchrom.ClassHook.initCoreHook(ClassHook.java:93)
08-19 01:36:45.587  1541  1541 E ClassHook: 	at com.android.internal.os.ZygoteInit.main(ZygoteInit.java)
08-19 01:36:45.588  1541  1541 I ClassHook: android.media.session.MediaSessionLegacyHelperHook attachMethod getOldMetadata(Landroid/media/MediaMetadata;II)Landroid/os/Bundle;
08-19 01:36:45.598  1541  1541 I ClassHook: android.os.SystemVibratorHook attachMethod vibrate(ILjava/lang/String;JLandroid/media/AudioAttributes;)V
08-19 01:36:45.598  1541  1541 I ClassHook: android.os.SystemVibratorHook attachMethod vibrate(ILjava/lang/String;[JILandroid/media/AudioAttributes;)V
08-19 01:36:45.600  1541  1541 I ClassHook: android.preference.RingtonePreferenceHook attachMethod onPrepareRingtonePickerIntent(Landroid/content/Intent;)V
08-19 01:36:45.615  1541  1541 I ClassHook: android.telephony.SignalStrengthHook attachMethod getCdmaLevel()I
08-19 01:36:45.625  1541  1541 I ClassHook: android.telephony.SignalStrengthHook attachMethod getEvdoLevel()I
08-19 01:36:45.625  1541  1541 I ClassHook: android.telephony.SignalStrengthHook attachMethod getGsmLevel()I
08-19 01:36:45.626  1541  1541 I ClassHook: android.telephony.SignalStrengthHook attachMethod getLteLevel()I
08-19 01:36:45.626  1541  1541 I ClassHook: android.telephony.SignalStrengthHook attachMethod getTdScdmaLevel()I
08-19 01:36:45.627  1541  1541 I ClassHook: android.telephony.TelephonyManagerHook attachMethod setTelephonyProperty(ILjava/lang/String;Ljava/lang/String;)V
08-19 01:36:45.637  1541  1541 I ClassHook: android.util.TypedValueHook attachMethod applyDimension(IFLandroid/util/DisplayMetrics;)F
08-19 01:36:45.640  1541  1541 I ClassHook: android.view.LayoutInflaterHook attachMethod inflate(ILandroid/view/ViewGroup;Z)Landroid/view/View;
08-19 01:36:45.646  1541  1541 I ClassHook: android.view.ScaleGestureDetectorHook attachConstructor (Landroid/content/Context;Landroid/view/ScaleGestureDetector$OnScaleGestureListener;Landroid/os/Handler;)V
08-19 01:36:45.652  1541  1541 I ClassHook: android.view.ViewDebugHook attachMethod writeValue(Ljava/io/BufferedWriter;Ljava/lang/Object;)V
08-19 01:36:45.661  1541  1541 I ClassHook: android.view.ViewRootImplHook attachMethod setWindowStopped(Z)V
08-19 01:36:45.667  1541  1541 I ClassHook: android.view.WindowHook attachMethod setFlags(II)V
08-19 01:36:45.668  1541  1541 I ClassHook: android.view.WindowManagerGlobalHook attachMethod addView(Landroid/view/View;Landroid/view/ViewGroup$LayoutParams;Landroid/view/Display;Landroid/view/Window;)V
08-19 01:36:45.669  1541  1541 I ClassHook: android.view.WindowManagerGlobalHook attachMethod updateViewLayout(Landroid/view/View;Landroid/view/ViewGroup$LayoutParams;)V
08-19 01:36:45.669  1541  1541 I ClassHook: android.view.WindowManagerLayoutParamsHook attachMethod copyFrom(Landroid/view/WindowManager$LayoutParams;)I
08-19 01:36:45.670  1541  1541 I ClassHook: android.view.WindowManagerLayoutParamsHook attachMethod toString()Ljava/lang/String;
